Microchip MPLAB XC8 Compiler V2.41

Linker command line:

-W-3 \
  --edf=C:/Users/c50931/.mchp_packs/Microchip/PIC18F-Q_DFP/1.18.389/xc8\pic\dat\20230524171230_en.msgs \
  -pivt0x8=08h -cn -h+dist/free/debug\pic18f16q40-cnano-demo-fw.X.debug.sym \
  --cmf=dist/free/debug\pic18f16q40-cnano-demo-fw.X.debug.cmf -z -Q18F16Q40 \
  -oC:\Users\c50931\AppData\Local\Temp\xcAsh84.\driver_tmp_3.o \
  --defsym=__MPLAB_BUILD=1 --fixupoverflow=error \
  -Mdist/free/debug/pic18f16q40-cnano-demo-fw.X.debug.map \
  --md=C:\Users\c50931\AppData\Local\Temp\xcAsh84.\driver_tmp_0.dat -E1 \
  -ver=XC8 Compiler --acfsm=1493 -ACODE=00h-0FFFFh -ACONST=00h-0FFFFh \
  -ASMALLCONST=01600h-016FFhx234 -AMEDIUMCONST=01600h-0FFFFh \
  -ACOMRAM=0501h-055Fh -AABS1=0500h-014FFh -ABIGRAM=0501h-014FFh \
  -ARAM=0560h-05FFh,0600h-06FFhx15 -ABANK5=0560h-05FFh -ABANK6=0600h-06FFh \
  -ABANK7=0700h-07FFh -ABANK8=0800h-08FFh -ABANK9=0900h-09FFh \
  -ABANK10=0A00h-0AFFh -ABANK11=0B00h-0BFFh -ABANK12=0C00h-0CFFh \
  -ABANK13=0D00h-0DFFh -ABANK14=0E00h-0EFFh -ABANK15=0F00h-0FFFh \
  -ABANK16=01000h-010FFh -ABANK17=01100h-011FFh -ABANK18=01200h-012FFh \
  -ABANK19=01300h-013FFh -ABANK20=01400h-014FFh \
  -ASFR=00h-0FFhx4,0400h-045Fh,0460h-04FFh,01500h-015FFh \
  -ABIGSFR=00h-04FFh,01500h-015FFh -ACONFIG=0300000h-0300011h \
  -AIDLOC=0200000h-020003Fh -AEEDATA=0380000h-03801FFh -peeprom_data=EEDATA \
  -preset_vec=00h -ppowerup=CODE,init -pramtop=01600h \
  -psmallconst=SMALLCONST -pmediumconst=MEDIUMCONST -pconst=CONST \
  -AFARRAM=00h-00h \
  -prdata=COMRAM,nvrram=COMRAM,nvbit=COMRAM,rbss=COMRAM,rbit=COMRAM \
  -pfarbss=FARRAM,fardata=FARRAM,nvFARRAM=FARRAM \
  -pintsave_regs=BIGRAM,bigbss=BIGRAM,bigdata=BIGRAM -pbss=RAM \
  -pidata=CODE,irdata=CODE,ibigdata=CODE,ifardata=CODE -prparam=COMRAM \
  C:\Users\c50931\AppData\Local\Temp\xcAsh84.\driver_tmp_14.o \
  dist/free/debug\pic18f16q40-cnano-demo-fw.X.debug.o 

Object code version is 3.11

Machine type is 18F16Q40



                Name                               Link     Load   Length Selector   Space Scale
C:\Users\c50931\AppData\Local\Temp\xcAsh84.\driver_tmp_14.o
                idloc                            200000   200000       40        0       5
                config                           300000   300000        9        0       4
                init                                 1A       1A        4        4       0
                reset_vec                             0        0        4        0       0
dist/free/debug\pic18f16q40-cnano-demo-fw.X.debug.o
                idloc                            200000   200000       40        0       5
                config                           300000   300000        9        0       4
                mediumconst                        FEF2     FEF2      10E     7F79       0
                ivt0x8                                8        8       12        4       0
                text54                              FB4      FB4        6        4       0
                text53                              DA2      DA2       30        4       0
                text52                              FAE      FAE        6        4       0
                text51                              D72      D72       30        4       0
                text50                              FC0      FC0        2        4       0
                text49                              FBE      FBE        2        4       0
                text48                              FBC      FBC        2        4       0
                text47                              D42      D42       30        4       0
                text46                              6C2      6C2       A2        4       0
                text45                              490      490       C4        4       0
                text44                              612      612       B0        4       0
                text43                              CCE      CCE       40        4       0
                text42                              FBA      FBA        2        4       0
                text41                              3C6      3C6       CA        4       0
                text40                              C8A      C8A       44        4       0
                text39                              986      986       7A        4       0
                text38                               1E       1E      194        4       0
                text37                              1B2      1B2      12C        4       0
                text36                              BF6      BF6       50        4       0
                text35                              E80      E80       26        4       0
                text34                              E5A      E5A       26        4       0
                text33                              F90      F90        A        4       0
                text32                              AE0      AE0       6E        4       0
                text31                              F86      F86        A        4       0
                text30                              C46      C46       44        4       0
                text29                              EFA      EFA       1C        4       0
                text28                              F9A      F9A        8        4       0
                text27                              F7C      F7C        A        4       0
                text26                              F72      F72        A        4       0
                text25                              F68      F68        A        4       0
                text24                              D0E      D0E       34        4       0
                text23                              FA8      FA8        6        4       0
                text22                              FA2      FA2        6        4       0
                text21                              764      764       9E        4       0
                text20                              F5E      F5E        A        4       0
                text19                              F54      F54        A        4       0
                text18                              F4A      F4A        A        4       0
                text17                              A72      A72       6E        4       0
                text16                              F40      F40        A        4       0
                text15                              F36      F36        A        4       0
                text14                              BA6      BA6       50        4       0
                text13                              F2C      F2C        A        4       0
                text12                              E00      E00       2E        4       0
                text11                              EDE      EDE       1C        4       0
                text10                              EC2      EC2       1C        4       0
                text9                               EA6      EA6       1C        4       0
                text8                               88E      88E       7E        4       0
                text7                               DD2      DD2       2E        4       0
                text6                               F16      F16       16        4       0
                text5                               2DE      2DE       E8        4       0
                text4                               B4E      B4E       58        4       0
                text3                               554      554       BE        4       0
                text2                               802      802       8C        4       0
                text1                               A00      A00       72        4       0
                text0                               90C      90C       7A        4       0
                cstackCOMRAM                        501      501       4B      501       1
                bssBANK5                            560      560       30      560       1
                bssCOMRAM                           54C      54C       14      501       1
                cinit                               E2E      E2E       2C        4       0
                nvBANK5                             590      590       10      560       1

TOTAL           Name                               Link     Load   Length     Space
        CLASS   CODE           
                init                                 1A       1A        4         0
                reset_vec                             0        0        4         0
                ivt0x8                                8        8       12         0
                text54                              FB4      FB4        6         0
                text53                              DA2      DA2       30         0
                text52                              FAE      FAE        6         0
                text51                              D72      D72       30         0
                text50                              FC0      FC0        2         0
                text49                              FBE      FBE        2         0
                text48                              FBC      FBC        2         0
                text47                              D42      D42       30         0
                text46                              6C2      6C2       A2         0
                text45                              490      490       C4         0
                text44                              612      612       B0         0
                text43                              CCE      CCE       40         0
                text42                              FBA      FBA        2         0
                text41                              3C6      3C6       CA         0
                text40                              C8A      C8A       44         0
                text39                              986      986       7A         0
                text38                               1E       1E      194         0
                text37                              1B2      1B2      12C         0
                text36                              BF6      BF6       50         0
                text35                              E80      E80       26         0
                text34                              E5A      E5A       26         0
                text33                              F90      F90        A         0
                text32                              AE0      AE0       6E         0
                text31                              F86      F86        A         0
                text30                              C46      C46       44         0
                text29                              EFA      EFA       1C         0
                text28                              F9A      F9A        8         0
                text27                              F7C      F7C        A         0
                text26                              F72      F72        A         0
                text25                              F68      F68        A         0
                text24                              D0E      D0E       34         0
                text23                              FA8      FA8        6         0
                text22                              FA2      FA2        6         0
                text21                              764      764       9E         0
                text20                              F5E      F5E        A         0
                text19                              F54      F54        A         0
                text18                              F4A      F4A        A         0
                text17                              A72      A72       6E         0
                text16                              F40      F40        A         0
                text15                              F36      F36        A         0
                text14                              BA6      BA6       50         0
                text13                              F2C      F2C        A         0
                text12                              E00      E00       2E         0
                text11                              EDE      EDE       1C         0
                text10                              EC2      EC2       1C         0
                text9                               EA6      EA6       1C         0
                text8                               88E      88E       7E         0
                text7                               DD2      DD2       2E         0
                text6                               F16      F16       16         0
                text5                               2DE      2DE       E8         0
                text4                               B4E      B4E       58         0
                text3                               554      554       BE         0
                text2                               802      802       8C         0
                text1                               A00      A00       72         0
                text0                               90C      90C       7A         0
                cinit                               E2E      E2E       2C         0

        CLASS   CONST          

        CLASS   SMALLCONST     

        CLASS   MEDIUMCONST    
                mediumconst                        FEF2     FEF2      10E         0

        CLASS   COMRAM         
                cstackCOMRAM                        501      501       4B         1
                bssCOMRAM                           54C      54C       14         1

        CLASS   ABS1           

        CLASS   BIGRAM         

        CLASS   RAM            

        CLASS   BANK5          
                bssBANK5                            560      560       30         1
                nvBANK5                             590      590       10         1

        CLASS   BANK6          

        CLASS   BANK7          

        CLASS   BANK8          

        CLASS   BANK9          

        CLASS   BANK10         

        CLASS   BANK11         

        CLASS   BANK12         

        CLASS   BANK13         

        CLASS   BANK14         

        CLASS   BANK15         

        CLASS   BANK16         

        CLASS   BANK17         

        CLASS   BANK18         

        CLASS   BANK19         

        CLASS   BANK20         

        CLASS   SFR            

        CLASS   BIGSFR         

        CLASS   CONFIG         
                config                           300000   300000        9         4

        CLASS   IDLOC          
                idloc                            200000   200000       40         5

        CLASS   EEDATA         

        CLASS   FARRAM         

        CLASS   HEAP           

        CLASS   STACK          



SEGMENTS        Name                           Load    Length   Top    Selector   Space  Class

                reset_vec                      000000  000004  000004         0       0  CODE    
                ivt0x8                         000008  000FBA  000FC2         4       0  CODE    
                cstackCOMRAM                   000501  00005F  000560       501       1  COMRAM  
                bssBANK5                       000560  000040  0005A0       560       1  BANK5   
                mediumconst                    00FEF2  00010E  010000      7F79       0  MEDIUMCO


UNUSED ADDRESS RANGES

        Name                Unused          Largest block    Delta
        BANK10           000A00-000AFF              100
        BANK11           000B00-000BFF              100
        BANK12           000C00-000CFF              100
        BANK13           000D00-000DFF              100
        BANK14           000E00-000EFF              100
        BANK15           000F00-000FFF              100
        BANK16           001000-0010FF              100
        BANK17           001100-0011FF              100
        BANK18           001200-0012FF              100
        BANK19           001300-0013FF              100
        BANK20           001400-0014FF              100
        BANK5            0005A0-0005FF               60
        BANK6            000600-0006FF              100
        BANK7            000700-0007FF              100
        BANK8            000800-0008FF              100
        BANK9            000900-0009FF              100
        BIGRAM           0005A0-0014FF              F60
        BIGSFR           000000-0004FF              500
                         001500-0015FF              100
        CODE             000004-000007                4
                         000FC2-00FEF1             EF30
        CONFIG           300009-300011                9
        CONST            000004-000007                4
                         000FC2-00FEF1             EF30
        EEDATA           380000-3801FF              200
        MEDIUMCONST      001600-00FEF1             E8F2
        RAM              0005A0-0014FF              100
        SFR              000000-0004FF              100
                         001500-0015FF              100
        SMALLCONST       001600-00FEF1              100

                                  Symbol Table

?_ADCC_GetConversionResult                                    cstackCOMRAM 000503
?___atdiv                                                     cstackCOMRAM 000503
?___awdiv                                                     cstackCOMRAM 000503
?___awmod                                                     cstackCOMRAM 000503
?___tmul                                                      cstackCOMRAM 000503
?_abs                                                         cstackCOMRAM 000509
?_printf                                                      cstackCOMRAM 000541
?_vfprintf                                                    cstackCOMRAM 000539
ADCC_SetADIInterruptHandler@InterruptHandler                  cstackCOMRAM 000503
CLC1_CLCI_SetInterruptHandler@InterruptHandler                cstackCOMRAM 000503
FLASH_Read@address                                            cstackCOMRAM 000503
FLASH_Read@tablePointer                                       cstackCOMRAM 000512
INT0_SetInterruptHandler@InterruptHandler                     cstackCOMRAM 000503
INT1_SetInterruptHandler@InterruptHandler                     cstackCOMRAM 000503
INT2_SetInterruptHandler@InterruptHandler                     cstackCOMRAM 000503
IVTBASEH                                                      (abs)        00045E
IVTBASEL                                                      (abs)        00045D
IVTBASEU                                                      (abs)        00045F
PWM1_16BIT_Period_SetInterruptHandler@InterruptHandler        cstackCOMRAM 000503
PWM1_16BIT_Slice1Output1_SetInterruptHandler@InterruptHandler cstackCOMRAM 000503
PWM1_16BIT_Slice1Output2_SetInterruptHandler@InterruptHandler cstackCOMRAM 000503
TMR1_GateCallbackRegister@CallbackHandler                     cstackCOMRAM 000503
TMR1_OverflowCallbackRegister@CallbackHandler                 cstackCOMRAM 000503
TMR2_OverflowCallbackRegister@InterruptHandler                cstackCOMRAM 000503
UART1_FramingErrorCallbackRegister@callbackHandler            cstackCOMRAM 000503
UART1_OverrunErrorCallbackRegister@callbackHandler            cstackCOMRAM 000503
UART1_ParityErrorCallbackRegister@callbackHandler             cstackCOMRAM 000503
_ACTCON                                                       (abs)        0000AC
_ADACCH                                                       (abs)        0003E4
_ADACCL                                                       (abs)        0003E3
_ADACCU                                                       (abs)        0003E5
_ADACQH                                                       (abs)        0003EF
_ADACQL                                                       (abs)        0003EE
_ADACT                                                        (abs)        0003F9
_ADCAP                                                        (abs)        0003F0
_ADCC_ADI_InterruptHandler                                    nvBANK5      00059E
_ADCC_DefaultADI_ISR                                          text54       000FB4
_ADCC_GetConversionResult                                     text6        000F16
_ADCC_ISR                                                     text53       000DA2
_ADCC_Initialize                                              text32       000AE0
_ADCC_SetADIInterruptHandler                                  text33       000F90
_ADCLK                                                        (abs)        0003FA
_ADCNT                                                        (abs)        0003E6
_ADCON0                                                       (abs)        0003F3
_ADCON0bits                                                   (abs)        0003F3
_ADCON1                                                       (abs)        0003F4
_ADCON1bits                                                   (abs)        0003F4
_ADCON2                                                       (abs)        0003F5
_ADCON2bits                                                   (abs)        0003F5
_ADCON3                                                       (abs)        0003F6
_ADCON3bits                                                   (abs)        0003F6
_ADERRH                                                       (abs)        0003DE
_ADERRL                                                       (abs)        0003DD
_ADFLTRH                                                      (abs)        0003E2
_ADFLTRL                                                      (abs)        0003E1
_ADLTHH                                                       (abs)        0003DA
_ADLTHL                                                       (abs)        0003D9
_ADPCH                                                        (abs)        0003EC
_ADPREH                                                       (abs)        0003F2
_ADPREL                                                       (abs)        0003F1
_ADPREVH                                                      (abs)        0003E9
_ADPREVL                                                      (abs)        0003E8
_ADREF                                                        (abs)        0003F8
_ADRESH                                                       (abs)        0003EB
_ADRESL                                                       (abs)        0003EA
_ADRPT                                                        (abs)        0003E7
_ADSTAT                                                       (abs)        0003F7
_ADSTATbits                                                   (abs)        0003F7
_ADSTPTH                                                      (abs)        0003E0
_ADSTPTL                                                      (abs)        0003DF
_ADUTHH                                                       (abs)        0003DC
_ADUTHL                                                       (abs)        0003DB
_ANSELA                                                       (abs)        000400
_ANSELB                                                       (abs)        000408
_ANSELC                                                       (abs)        000410
_CLC1_CLCI_InterruptHandler                                   nvBANK5      00059C
_CLC1_CLCI_SetInterruptHandler                                text31       000F86
_CLC1_DefaultCLCI_ISR                                         text52       000FAE
_CLC1_ISR                                                     text51       000D72
_CLC1_Initialize                                              text30       000C46
_CLCDATA                                                      (abs)        0000D4
_CLCDATAbits                                                  (abs)        0000D4
_CLCIN0PPS                                                    (abs)        000261
_CLCSELECT                                                    (abs)        0000D5
_CLCnCON                                                      (abs)        0000D6
_CLCnGLS0                                                     (abs)        0000DC
_CLCnGLS1                                                     (abs)        0000DD
_CLCnGLS2                                                     (abs)        0000DE
_CLCnGLS3                                                     (abs)        0000DF
_CLCnPOL                                                      (abs)        0000D7
_CLCnSEL0                                                     (abs)        0000D8
_CLCnSEL1                                                     (abs)        0000D9
_CLCnSEL2                                                     (abs)        0000DA
_CLCnSEL3                                                     (abs)        0000DB
_CLOCK_Initialize                                             text29       000EFA
_FLASH_Read                                                   text2        000802
_FVRCON                                                       (abs)        0003D7
_FVRCONbits                                                   (abs)        0003D7
_FVR_Initialize                                               text28       000F9A
_INLVLA                                                       (abs)        000404
_INLVLB                                                       (abs)        00040C
_INLVLC                                                       (abs)        000414
_INT0_DefaultInterruptHandler                                 (abs)        000000
_INT0_InterruptHandler                                        bssCOMRAM    000559
_INT0_SetInterruptHandler                                     text27       000F7C
_INT1_DefaultInterruptHandler                                 (abs)        000000
_INT1_InterruptHandler                                        bssCOMRAM    000557
_INT1_SetInterruptHandler                                     text26       000F72
_INT2_DefaultInterruptHandler                                 (abs)        000000
_INT2_InterruptHandler                                        bssCOMRAM    000555
_INT2_SetInterruptHandler                                     text25       000F68
_INTCON0bits                                                  (abs)        0004D6
_INTERRUPT_Initialize                                         text24       000D0E
_INTERRUPT_InterruptManager                                   text46       0006C2
_IOCAF                                                        (abs)        000407
_IOCAN                                                        (abs)        000406
_IOCAP                                                        (abs)        000405
_IOCBF                                                        (abs)        00040F
_IOCBN                                                        (abs)        00040E
_IOCBP                                                        (abs)        00040D
_IOCCF                                                        (abs)        000417
_IOCCN                                                        (abs)        000416
_IOCCP                                                        (abs)        000415
_IntroSplashMessage                                           text34       000E5A
_LATA                                                         (abs)        0004BE
_LATB                                                         (abs)        0004BF
_LATC                                                         (abs)        0004C0
_LATCbits                                                     (abs)        0004C0
_NVMADRH                                                      (abs)        000044
_NVMADRL                                                      (abs)        000043
_NVMADRU                                                      (abs)        000045
_NVMCON0bits                                                  (abs)        000040
_NVMCON1bits                                                  (abs)        000041
_NVMDATH                                                      (abs)        000047
_NVMDATL                                                      (abs)        000046
_NVMLOCK                                                      (abs)        000042
_NVM_Initialize                                               text22       000FA2
_NVM_StatusClear                                              text23       000FA8
_ODCONA                                                       (abs)        000402
_ODCONB                                                       (abs)        00040A
_ODCONC                                                       (abs)        000412
_OSCCON1                                                      (abs)        0000AD
_OSCCON3                                                      (abs)        0000AF
_OSCEN                                                        (abs)        0000B3
_OSCFRQ                                                       (abs)        0000B1
_OSCTUNE                                                      (abs)        0000B0
_PIE0bits                                                     (abs)        0004A8
_PIE1bits                                                     (abs)        0004A9
_PIE3bits                                                     (abs)        0004AB
_PIE4bits                                                     (abs)        0004AC
_PIN_MANAGER_IOC                                              text50       000FC0
_PIN_MANAGER_Initialize                                       text21       000764
_PIR0bits                                                     (abs)        0004B3
_PIR10bits                                                    (abs)        0004BD
_PIR1bits                                                     (abs)        0004B4
_PIR2bits                                                     (abs)        0004B5
_PIR3bits                                                     (abs)        0004B6
_PIR4bits                                                     (abs)        0004B7
_PIR6bits                                                     (abs)        0004B9
_PR2                                                          (abs)        00031D
_PWM1CLK                                                      (abs)        000461
_PWM1CON                                                      (abs)        000469
_PWM1CONbits                                                  (abs)        000469
_PWM1CPRE                                                     (abs)        000465
_PWM1ERS                                                      (abs)        000460
_PWM1GIE                                                      (abs)        000468
_PWM1GIEbits                                                  (abs)        000468
_PWM1GIR                                                      (abs)        000467
_PWM1GIRbits                                                  (abs)        000467
_PWM1LDS                                                      (abs)        000462
_PWM1PIPOS                                                    (abs)        000466
_PWM1PRH                                                      (abs)        000464
_PWM1PRL                                                      (abs)        000463
_PWM1S1CFG                                                    (abs)        00046A
_PWM1S1P1H                                                    (abs)        00046C
_PWM1S1P1L                                                    (abs)        00046B
_PWM1S1P2H                                                    (abs)        00046E
_PWM1S1P2L                                                    (abs)        00046D
_PWM1_16BIT_Initialize                                        text17       000A72
_PWM1_16BIT_Period_DefaultInterruptHandler                    (abs)        000000
_PWM1_16BIT_Period_InterruptHandler                           nvBANK5      000596
_PWM1_16BIT_Period_SetInterruptHandler                        text20       000F5E
_PWM1_16BIT_Slice1Output1_DefaultInterruptHandler             (abs)        000000
_PWM1_16BIT_Slice1Output1_InterruptHandler                    nvBANK5      00059A
_PWM1_16BIT_Slice1Output1_SetInterruptHandler                 text19       000F54
_PWM1_16BIT_Slice1Output2_DefaultInterruptHandler             (abs)        000000
_PWM1_16BIT_Slice1Output2_InterruptHandler                    nvBANK5      000598
_PWM1_16BIT_Slice1Output2_SetInterruptHandler                 text18       000F4A
_RA4PPS                                                       (abs)        000205
_RA5PPS                                                       (abs)        000206
_RB4I2C                                                       (abs)        000287
_RB6I2C                                                       (abs)        000286
_RB7PPS                                                       (abs)        000210
_SLRCONA                                                      (abs)        000403
_SLRCONB                                                      (abs)        00040B
_SLRCONC                                                      (abs)        000413
_SW0_flag                                                     bssCOMRAM    00055E
_SYSTEM_Initialize                                            text7        000DD2
_T1CLK                                                        (abs)        000317
_T1CON                                                        (abs)        000314
_T1CONbits                                                    (abs)        000314
_T1GATE                                                       (abs)        000316
_T1GCON                                                       (abs)        000315
_T1GCONbits                                                   (abs)        000315
_T2CLKCON                                                     (abs)        000320
_T2CON                                                        (abs)        00031E
_T2CONbits                                                    (abs)        00031E
_T2HLT                                                        (abs)        00031F
_T2HLTbits                                                    (abs)        00031F
_T2INPPS                                                      (abs)        000248
_T2PR                                                         (abs)        00031D
_T2RST                                                        (abs)        000321
_T2RSTbits                                                    (abs)        000321
_T2TMR                                                        (abs)        00031C
_TABLAT                                                       (abs)        0004F5
_TBLPTRH                                                      (abs)        0004F7
_TBLPTRL                                                      (abs)        0004F6
_TBLPTRU                                                      (abs)        0004F8
_TMR1H                                                        (abs)        000313
_TMR1L                                                        (abs)        000312
_TMR1_DefaultGateCallback                                     (abs)        000000
_TMR1_DefaultOverflowCallback                                 text48       000FBC
_TMR1_GateCallback                                            nvBANK5      000592
_TMR1_GateCallbackRegister                                    text16       000F40
_TMR1_Initialize                                              text14       000BA6
_TMR1_InterruptHandler                                        bssBANK5     00056E
_TMR1_OverflowCallback                                        nvBANK5      000594
_TMR1_OverflowCallbackRegister                                text15       000F36
_TMR1_Start                                                   (abs)        000000
_TMR1_Stop                                                    (abs)        000000
_TMR1_Tasks                                                   (abs)        000000
_TMR1_Write                                                   (abs)        000000
_TMR2                                                         (abs)        00031C
_TMR2_DefaultOverflowCallback                                 text49       000FBE
_TMR2_ISR                                                     text47       000D42
_TMR2_Initialize                                              text12       000E00
_TMR2_OverflowCallback                                        nvBANK5      000590
_TMR2_OverflowCallbackRegister                                text13       000F2C
_TMR2_PeriodCountSet                                          (abs)        000000
_TMR2_Start                                                   (abs)        000000
_TMR2_Stop                                                    (abs)        000000
_TRISA                                                        (abs)        0004C6
_TRISB                                                        (abs)        0004C7
_TRISC                                                        (abs)        0004C8
_TempIndicator_Calc                                           text3        000554
_TempIndicator_Init                                           text1        000A00
_U1BRGH                                                       (abs)        0002AF
_U1BRGL                                                       (abs)        0002AE
_U1CON0                                                       (abs)        0002AB
_U1CON0bits                                                   (abs)        0002AB
_U1CON1                                                       (abs)        0002AC
_U1CON1bits                                                   (abs)        0002AC
_U1CON2                                                       (abs)        0002AD
_U1ERRIE                                                      (abs)        0002B3
_U1ERRIR                                                      (abs)        0002B2
_U1ERRIRbits                                                  (abs)        0002B2
_U1FIFO                                                       (abs)        0002B0
_U1FIFObits                                                   (abs)        0002B0
_U1P1H                                                        (abs)        0002A6
_U1P1L                                                        (abs)        0002A5
_U1P2H                                                        (abs)        0002A8
_U1P2L                                                        (abs)        0002A7
_U1P3H                                                        (abs)        0002AA
_U1P3L                                                        (abs)        0002A9
_U1RXB                                                        (abs)        0002A1
_U1RXCHK                                                      (abs)        0002A2
_U1RXPPS                                                      (abs)        000272
_U1TXB                                                        (abs)        0002A3
_U1TXCHK                                                      (abs)        0002A4
_U1UIR                                                        (abs)        0002B1
_U1UIRbits                                                    (abs)        0002B1
_UART1                                                        mediumconst  00FEF3
_UART1_AutoBaudQuery                                          (abs)        000000
_UART1_AutoBaudSet                                            (abs)        000000
_UART1_DefaultFramingErrorCallback                            (abs)        000000
_UART1_DefaultOverrunErrorCallback                            (abs)        000000
_UART1_DefaultParityErrorCallback                             (abs)        000000
_UART1_Deinitialize                                           (abs)        000000
_UART1_ErrorGet                                               (abs)        000000
_UART1_FramingErrorCallbackRegister                           text11       000EDE
_UART1_FramingErrorHandler                                    bssCOMRAM    000551
_UART1_Initialize                                             text8        00088E
_UART1_IsRxReady                                              (abs)        000000
_UART1_IsTxDone                                               (abs)        000000
_UART1_IsTxReady                                              (abs)        000000
_UART1_OverrunErrorCallbackRegister                           text10       000EC2
_UART1_OverrunErrorHandler                                    bssCOMRAM    00054F
_UART1_ParityErrorCallbackRegister                            text9        000EA6
_UART1_ParityErrorHandler                                     bssBANK5     00056A
_UART1_Read                                                   (abs)        000000
_UART1_TransmitDisable                                        (abs)        000000
_UART1_TransmitEnable                                         (abs)        000000
_UART1_Write                                                  (abs)        000000
_WPUA                                                         (abs)        000401
_WPUB                                                         (abs)        000409
_WPUC                                                         (abs)        000411
__HRAM                                                        (abs)        000000
__H__absolute__                                               __absolute__ 000000
__Habs1                                                       abs1         000000
__Hbank10                                                     bank10       000000
__Hbank11                                                     bank11       000000
__Hbank12                                                     bank12       000000
__Hbank13                                                     bank13       000000
__Hbank14                                                     bank14       000000
__Hbank15                                                     bank15       000000
__Hbank16                                                     bank16       000000
__Hbank17                                                     bank17       000000
__Hbank18                                                     bank18       000000
__Hbank19                                                     bank19       000000
__Hbank20                                                     bank20       000000
__Hbank5                                                      bank5        000000
__Hbank6                                                      bank6        000000
__Hbank7                                                      bank7        000000
__Hbank8                                                      bank8        000000
__Hbank9                                                      bank9        000000
__Hbigbss                                                     bigbss       000000
__Hbigdata                                                    bigdata      000000
__Hbigram                                                     bigram       000000
__Hbigsfr                                                     bigsfr       000000
__Hbss                                                        bss          000000
__HbssBANK5                                                   bssBANK5     000000
__HbssCOMRAM                                                  bssCOMRAM    000000
__Hcinit                                                      cinit        000000
__Hclrtext                                                    clrtext      000000
__Hcomram                                                     comram       000000
__Hconfig                                                     config       300009
__Hconst                                                      const        000000
__HcstackCOMRAM                                               cstackCOMRAM 000000
__Hdata                                                       data         000000
__Heeprom_data                                                eeprom_data  000000
__Hfarbss                                                     farbss       000000
__Hfardata                                                    fardata      000000
__Hheap                                                       heap         000000
__Hibigdata                                                   ibigdata     000000
__Hidata                                                      idata        000000
__Hidloc                                                      idloc        200040
__Hifardata                                                   ifardata     000000
__Hinit                                                       init         00001E
__Hintsave_regs                                               intsave_regs 000000
__Hirdata                                                     irdata       000000
__Hivt0x8                                                     ivt0x8       00001A
__Hmediumconst                                                mediumconst  010000
__HnvBANK5                                                    nvBANK5      000000
__HnvFARRAM                                                   nvFARRAM     000000
__Hnvbit                                                      nvbit        000000
__Hnvrram                                                     nvrram       000000
__Hparam                                                      rparam       000000
__Hpowerup                                                    powerup      000000
__Hram                                                        ram          000000
__Hramtop                                                     ramtop       001600
__Hrbit                                                       rbit         000000
__Hrbss                                                       rbss         000000
__Hrdata                                                      rdata        000000
__Hreset_vec                                                  reset_vec    000004
__Hrparam                                                     rparam       000000
__Hsfr                                                        sfr          000000
__Hsmallconst                                                 smallconst   000000
__Hspace_0                                                    (abs)        010000
__Hspace_1                                                    (abs)        0005A0
__Hspace_2                                                    (abs)        000000
__Hspace_4                                                    (abs)        600009
__Hstack                                                      stack        000000
__Hstruct                                                     struct       000000
__Htemp                                                       temp         000000
__Htext                                                       text         000000
__Htext0                                                      text0        000000
__Htext1                                                      text1        000000
__Htext10                                                     text10       000000
__Htext11                                                     text11       000000
__Htext12                                                     text12       000000
__Htext13                                                     text13       000000
__Htext14                                                     text14       000000
__Htext15                                                     text15       000000
__Htext16                                                     text16       000000
__Htext17                                                     text17       000000
__Htext18                                                     text18       000000
__Htext19                                                     text19       000000
__Htext2                                                      text2        000000
__Htext20                                                     text20       000000
__Htext21                                                     text21       000000
__Htext22                                                     text22       000000
__Htext23                                                     text23       000000
__Htext24                                                     text24       000000
__Htext25                                                     text25       000000
__Htext26                                                     text26       000000
__Htext27                                                     text27       000000
__Htext28                                                     text28       000000
__Htext29                                                     text29       000000
__Htext3                                                      text3        000000
__Htext30                                                     text30       000000
__Htext31                                                     text31       000000
__Htext32                                                     text32       000000
__Htext33                                                     text33       000000
__Htext34                                                     text34       000000
__Htext35                                                     text35       000000
__Htext36                                                     text36       000000
__Htext37                                                     text37       000000
__Htext38                                                     text38       000000
__Htext39                                                     text39       000000
__Htext4                                                      text4        000000
__Htext40                                                     text40       000000
__Htext41                                                     text41       000000
__Htext42                                                     text42       000000
__Htext43                                                     text43       000000
__Htext44                                                     text44       000000
__Htext45                                                     text45       000000
__Htext46                                                     text46       000000
__Htext47                                                     text47       000000
__Htext48                                                     text48       000000
__Htext49                                                     text49       000000
__Htext5                                                      text5        000000
__Htext50                                                     text50       000000
__Htext51                                                     text51       000000
__Htext52                                                     text52       000000
__Htext53                                                     text53       000000
__Htext54                                                     text54       000000
__Htext55                                                     text55       000000
__Htext6                                                      text6        000000
__Htext7                                                      text7        000000
__Htext8                                                      text8        000000
__Htext9                                                      text9        000000
__LRAM                                                        (abs)        000001
__L__absolute__                                               __absolute__ 000000
__Labs1                                                       abs1         000000
__Lbank10                                                     bank10       000000
__Lbank11                                                     bank11       000000
__Lbank12                                                     bank12       000000
__Lbank13                                                     bank13       000000
__Lbank14                                                     bank14       000000
__Lbank15                                                     bank15       000000
__Lbank16                                                     bank16       000000
__Lbank17                                                     bank17       000000
__Lbank18                                                     bank18       000000
__Lbank19                                                     bank19       000000
__Lbank20                                                     bank20       000000
__Lbank5                                                      bank5        000000
__Lbank6                                                      bank6        000000
__Lbank7                                                      bank7        000000
__Lbank8                                                      bank8        000000
__Lbank9                                                      bank9        000000
__Lbigbss                                                     bigbss       000000
__Lbigdata                                                    bigdata      000000
__Lbigram                                                     bigram       000000
__Lbigsfr                                                     bigsfr       000000
__Lbss                                                        bss          000000
__LbssBANK5                                                   bssBANK5     000000
__LbssCOMRAM                                                  bssCOMRAM    000000
__Lcinit                                                      cinit        000000
__Lclrtext                                                    clrtext      000000
__Lcomram                                                     comram       000000
__Lconfig                                                     config       000000
__Lconst                                                      const        000000
__LcstackCOMRAM                                               cstackCOMRAM 000000
__Ldata                                                       data         000000
__Leeprom_data                                                eeprom_data  000000
__Lfarbss                                                     farbss       000000
__Lfardata                                                    fardata      000000
__Lheap                                                       heap         000000
__Libigdata                                                   ibigdata     000000
__Lidata                                                      idata        000000
__Lidloc                                                      idloc        000000
__Lifardata                                                   ifardata     000000
__Linit                                                       init         00001A
__Lintsave_regs                                               intsave_regs 000000
__Lirdata                                                     irdata       000000
__Livt0x8                                                     ivt0x8       000008
__Lmediumconst                                                mediumconst  00FEF2
__LnvBANK5                                                    nvBANK5      000000
__LnvFARRAM                                                   nvFARRAM     000000
__Lnvbit                                                      nvbit        000000
__Lnvrram                                                     nvrram       000000
__Lparam                                                      rparam       000000
__Lpowerup                                                    powerup      000000
__Lram                                                        ram          000000
__Lramtop                                                     ramtop       001600
__Lrbit                                                       rbit         000000
__Lrbss                                                       rbss         000000
__Lrdata                                                      rdata        000000
__Lreset_vec                                                  reset_vec    000000
__Lrparam                                                     rparam       000000
__Lsfr                                                        sfr          000000
__Lsmallconst                                                 smallconst   000000
__Lspace_0                                                    (abs)        000000
__Lspace_1                                                    (abs)        000000
__Lspace_2                                                    (abs)        000000
__Lspace_4                                                    (abs)        000000
__Lstack                                                      stack        000000
__Lstruct                                                     struct       000000
__Ltemp                                                       temp         000000
__Ltext                                                       text         000000
__Ltext0                                                      text0        000000
__Ltext1                                                      text1        000000
__Ltext10                                                     text10       000000
__Ltext11                                                     text11       000000
__Ltext12                                                     text12       000000
__Ltext13                                                     text13       000000
__Ltext14                                                     text14       000000
__Ltext15                                                     text15       000000
__Ltext16                                                     text16       000000
__Ltext17                                                     text17       000000
__Ltext18                                                     text18       000000
__Ltext19                                                     text19       000000
__Ltext2                                                      text2        000000
__Ltext20                                                     text20       000000
__Ltext21                                                     text21       000000
__Ltext22                                                     text22       000000
__Ltext23                                                     text23       000000
__Ltext24                                                     text24       000000
__Ltext25                                                     text25       000000
__Ltext26                                                     text26       000000
__Ltext27                                                     text27       000000
__Ltext28                                                     text28       000000
__Ltext29                                                     text29       000000
__Ltext3                                                      text3        000000
__Ltext30                                                     text30       000000
__Ltext31                                                     text31       000000
__Ltext32                                                     text32       000000
__Ltext33                                                     text33       000000
__Ltext34                                                     text34       000000
__Ltext35                                                     text35       000000
__Ltext36                                                     text36       000000
__Ltext37                                                     text37       000000
__Ltext38                                                     text38       000000
__Ltext39                                                     text39       000000
__Ltext4                                                      text4        000000
__Ltext40                                                     text40       000000
__Ltext41                                                     text41       000000
__Ltext42                                                     text42       000000
__Ltext43                                                     text43       000000
__Ltext44                                                     text44       000000
__Ltext45                                                     text45       000000
__Ltext46                                                     text46       000000
__Ltext47                                                     text47       000000
__Ltext48                                                     text48       000000
__Ltext49                                                     text49       000000
__Ltext5                                                      text5        000000
__Ltext50                                                     text50       000000
__Ltext51                                                     text51       000000
__Ltext52                                                     text52       000000
__Ltext53                                                     text53       000000
__Ltext54                                                     text54       000000
__Ltext55                                                     text55       000000
__Ltext6                                                      text6        000000
__Ltext7                                                      text7        000000
__Ltext8                                                      text8        000000
__Ltext9                                                      text9        000000
__S0                                                          (abs)        010000
__S1                                                          (abs)        0005A0
__S4                                                          (abs)        000000
__S5                                                          (abs)        000000
___atdiv                                                      text5        0002DE
___atdiv@counter                                              cstackCOMRAM 000509
___atdiv@dividend                                             cstackCOMRAM 000503
___atdiv@divisor                                              cstackCOMRAM 000506
___atdiv@quotient                                             cstackCOMRAM 00050B
___atdiv@sign                                                 cstackCOMRAM 00050A
___awdiv                                                      text45       000490
___awdiv@counter                                              cstackCOMRAM 000507
___awdiv@dividend                                             cstackCOMRAM 000503
___awdiv@divisor                                              cstackCOMRAM 000505
___awdiv@quotient                                             cstackCOMRAM 000509
___awdiv@sign                                                 cstackCOMRAM 000508
___awmod                                                      text44       000612
___awmod@counter                                              cstackCOMRAM 000507
___awmod@dividend                                             cstackCOMRAM 000503
___awmod@divisor                                              cstackCOMRAM 000505
___awmod@sign                                                 cstackCOMRAM 000508
___heap_hi                                                    (abs)        000000
___heap_lo                                                    (abs)        000000
___inthi_sp                                                   stack        000000
___intlo_sp                                                   stack        000000
___param_bank                                                 (abs)        000000
___rparam_used                                                (abs)        000001
___sp                                                         stack        000000
___tmul                                                       text4        000B4E
___tmul@multiplicand                                          cstackCOMRAM 000506
___tmul@multiplier                                            cstackCOMRAM 000503
___tmul@product                                               cstackCOMRAM 000509
__accesstop                                                   (abs)        000560
__activetblptr                                                (abs)        000003
__end_of_ADCC_DefaultADI_ISR                                  text54       000FBA
__end_of_ADCC_GetConversionResult                             text6        000F2C
__end_of_ADCC_ISR                                             text53       000DD2
__end_of_ADCC_Initialize                                      text32       000B4E
__end_of_ADCC_SetADIInterruptHandler                          text33       000F9A
__end_of_CLC1_CLCI_SetInterruptHandler                        text31       000F90
__end_of_CLC1_DefaultCLCI_ISR                                 text52       000FB4
__end_of_CLC1_ISR                                             text51       000DA2
__end_of_CLC1_Initialize                                      text30       000C8A
__end_of_CLOCK_Initialize                                     text29       000F16
__end_of_FLASH_Read                                           text2        00088E
__end_of_FVR_Initialize                                       text28       000FA2
__end_of_INT0_SetInterruptHandler                             text27       000F86
__end_of_INT1_SetInterruptHandler                             text26       000F7C
__end_of_INT2_SetInterruptHandler                             text25       000F72
__end_of_INTERRUPT_Initialize                                 text24       000D42
__end_of_INTERRUPT_InterruptManager                           text46       000764
__end_of_IntroSplashMessage                                   text34       000E80
__end_of_NVM_Initialize                                       text22       000FA8
__end_of_NVM_StatusClear                                      text23       000FAE
__end_of_PIN_MANAGER_IOC                                      text50       000FC2
__end_of_PIN_MANAGER_Initialize                               text21       000802
__end_of_PWM1_16BIT_Initialize                                text17       000AE0
__end_of_PWM1_16BIT_Period_SetInterruptHandler                text20       000F68
__end_of_PWM1_16BIT_Slice1Output1_SetInterruptHandler         text19       000F5E
__end_of_PWM1_16BIT_Slice1Output2_SetInterruptHandler         text18       000F54
__end_of_SYSTEM_Initialize                                    text7        000E00
__end_of_TMR1_DefaultOverflowCallback                         text48       000FBE
__end_of_TMR1_GateCallbackRegister                            text16       000F4A
__end_of_TMR1_Initialize                                      text14       000BF6
__end_of_TMR1_OverflowCallbackRegister                        text15       000F40
__end_of_TMR2_DefaultOverflowCallback                         text49       000FC0
__end_of_TMR2_ISR                                             text47       000D72
__end_of_TMR2_Initialize                                      text12       000E2E
__end_of_TMR2_OverflowCallbackRegister                        text13       000F36
__end_of_TempIndicator_Calc                                   text3        000612
__end_of_TempIndicator_Init                                   text1        000A72
__end_of_UART1                                                mediumconst  00FF23
__end_of_UART1_FramingErrorCallbackRegister                   text11       000EFA
__end_of_UART1_Initialize                                     text8        00090C
__end_of_UART1_OverrunErrorCallbackRegister                   text10       000EDE
__end_of_UART1_ParityErrorCallbackRegister                    text9        000EC2
__end_of___atdiv                                              text5        0003C6
__end_of___awdiv                                              text45       000554
__end_of___awmod                                              text44       0006C2
__end_of___tmul                                               text4        000BA6
__end_of__initialization                                      cinit        000E54
__end_of_abs                                                  text43       000D0E
__end_of_dtoa                                                 text38       0001B2
__end_of_fputc                                                text41       000490
__end_of_fputs                                                text40       000CCE
__end_of_main                                                 text0        000986
__end_of_pad                                                  text39       000A00
__end_of_printf                                               text35       000EA6
__end_of_putch                                                text42       000FBC
__end_of_tmr1                                                 mediumconst  00FF3B
__end_of_tmr2                                                 mediumconst  00FF2F
__end_of_vfpfcnvrt                                            text37       0002DE
__end_of_vfprintf                                             text36       000C46
__initialization                                              cinit        000E2E
__mediumconst                                                 mediumconst  00FEF2
__pbssBANK5                                                   bssBANK5     000560
__pbssCOMRAM                                                  bssCOMRAM    00054C
__pcinit                                                      cinit        000E2E
__pcstackCOMRAM                                               cstackCOMRAM 000501
__pivt0x8                                                     ivt0x8       000008
__pmediumconst                                                mediumconst  00FEF2
__pnvBANK5                                                    nvBANK5      000590
__ptext0                                                      text0        00090C
__ptext1                                                      text1        000A00
__ptext10                                                     text10       000EC2
__ptext11                                                     text11       000EDE
__ptext12                                                     text12       000E00
__ptext13                                                     text13       000F2C
__ptext14                                                     text14       000BA6
__ptext15                                                     text15       000F36
__ptext16                                                     text16       000F40
__ptext17                                                     text17       000A72
__ptext18                                                     text18       000F4A
__ptext19                                                     text19       000F54
__ptext2                                                      text2        000802
__ptext20                                                     text20       000F5E
__ptext21                                                     text21       000764
__ptext22                                                     text22       000FA2
__ptext23                                                     text23       000FA8
__ptext24                                                     text24       000D0E
__ptext25                                                     text25       000F68
__ptext26                                                     text26       000F72
__ptext27                                                     text27       000F7C
__ptext28                                                     text28       000F9A
__ptext29                                                     text29       000EFA
__ptext3                                                      text3        000554
__ptext30                                                     text30       000C46
__ptext31                                                     text31       000F86
__ptext32                                                     text32       000AE0
__ptext33                                                     text33       000F90
__ptext34                                                     text34       000E5A
__ptext35                                                     text35       000E80
__ptext36                                                     text36       000BF6
__ptext37                                                     text37       0001B2
__ptext38                                                     text38       00001E
__ptext39                                                     text39       000986
__ptext4                                                      text4        000B4E
__ptext40                                                     text40       000C8A
__ptext41                                                     text41       0003C6
__ptext42                                                     text42       000FBA
__ptext43                                                     text43       000CCE
__ptext44                                                     text44       000612
__ptext45                                                     text45       000490
__ptext46                                                     text46       0006C2
__ptext47                                                     text47       000D42
__ptext48                                                     text48       000FBC
__ptext49                                                     text49       000FBE
__ptext5                                                      text5        0002DE
__ptext50                                                     text50       000FC0
__ptext51                                                     text51       000D72
__ptext52                                                     text52       000FAE
__ptext53                                                     text53       000DA2
__ptext54                                                     text54       000FB4
__ptext55                                                     text55       000000
__ptext6                                                      text6        000F16
__ptext7                                                      text7        000DD2
__ptext8                                                      text8        00088E
__ptext9                                                      text9        000EA6
__ramtop                                                      ramtop       001600
__smallconst                                                  smallconst   000000
_abs                                                          text43       000CCE
_adcc_flag                                                    bssCOMRAM    00055F
_adcc_meas                                                    bssBANK5     000564
_dbuf                                                         bssBANK5     000570
_dtoa                                                         text38       00001E
_dtoa$3083                                                    cstackCOMRAM 000522
_flags                                                        bssCOMRAM    00055B
_fputc                                                        text41       0003C6
_fputs                                                        text40       000C8A
_gain                                                         bssBANK5     000568
_main                                                         text0        00090C
_offset                                                       bssBANK5     000566
_pad                                                          text39       000986
_prec                                                         bssBANK5     000562
_printf                                                       text35       000E80
_putch                                                        text42       000FBA
_tempC                                                        bssCOMRAM    00054C
_timer1ReloadVal                                              bssCOMRAM    000553
_tmr1                                                         mediumconst  00FF2F
_tmr2                                                         mediumconst  00FF23
_uart1RxLastError                                             bssBANK5     00056C
_unlockKeyHigh                                                bssCOMRAM    00055C
_unlockKeyLow                                                 bssCOMRAM    00055D
_vfpfcnvrt                                                    text37       0001B2
_vfprintf                                                     text36       000BF6
_width                                                        bssBANK5     000560
abs@a                                                         cstackCOMRAM 000509
dtoa@d                                                        cstackCOMRAM 000520
dtoa@fp                                                       cstackCOMRAM 00051E
dtoa@i                                                        cstackCOMRAM 000528
dtoa@p                                                        cstackCOMRAM 000524
dtoa@s                                                        cstackCOMRAM 00052A
dtoa@w                                                        cstackCOMRAM 000526
end_of_initialization                                         cinit        000E54
fputc@c                                                       cstackCOMRAM 000503
fputc@fp                                                      cstackCOMRAM 000505
fputs@c                                                       cstackCOMRAM 000510
fputs@fp                                                      cstackCOMRAM 00050E
fputs@i                                                       cstackCOMRAM 000511
fputs@s                                                       cstackCOMRAM 00050C
intlevel0                                                     text         000000
intlevel1                                                     text         000000
intlevel2                                                     text         000000
intlevel3                                                     text         000000
isa$std                                                       (abs)        000001
isa$xinst                                                     (abs)        000000
ivt0x8_base                                                   ivt0x8       000008
pad@buf                                                       cstackCOMRAM 000515
pad@fp                                                        cstackCOMRAM 000513
pad@i                                                         cstackCOMRAM 00051A
pad@p                                                         cstackCOMRAM 000517
pad@w                                                         cstackCOMRAM 00051C
printf@ap                                                     cstackCOMRAM 000546
printf@fmt                                                    cstackCOMRAM 000541
stackhi                                                       (abs)        000000
stacklo                                                       (abs)        000000
start                                                         init         00001A
start_initialization                                          cinit        000E2E
vfpfcnvrt@ap                                                  cstackCOMRAM 00052F
vfpfcnvrt@convarg                                             cstackCOMRAM 000533
vfpfcnvrt@cp                                                  cstackCOMRAM 000537
vfpfcnvrt@fmt                                                 cstackCOMRAM 00052D
vfpfcnvrt@fp                                                  cstackCOMRAM 00052B
vfprintf@ap                                                   cstackCOMRAM 00053D
vfprintf@cfmt                                                 cstackCOMRAM 00053F
vfprintf@fmt                                                  cstackCOMRAM 00053B
vfprintf@fp                                                   cstackCOMRAM 000539


MODULE INFORMATION

Module		Function		Class		Link	Load	Size
C:\Program Files\Microchip\xc8\v2.41\pic\sources\c99\common\awmod.c
		___awmod       		CODE           	0612	0000	176

C:\Program Files\Microchip\xc8\v2.41\pic\sources\c99\common\awmod.c estimated size: 176

C:\Program Files\Microchip\xc8\v2.41\pic\sources\c99\common\nf_fputc.c
		_fputc         		CODE           	03C6	0000	202

C:\Program Files\Microchip\xc8\v2.41\pic\sources\c99\common\nf_fputc.c estimated size: 202

mcc_generated_files/timer/src/tmr1.c
		_TMR1_Initialize		CODE           	0BA6	0000	80
		_TMR1_OverflowCallbackRegister		CODE           	0F36	0000	10
		_TMR1_DefaultOverflowCallback		CODE           	0FBC	0000	2
		_TMR1_GateCallbackRegister		CODE           	0F40	0000	10

mcc_generated_files/timer/src/tmr1.c estimated size: 102

mcc_generated_files/system/src/interrupt.c
		_INT0_SetInterruptHandler		CODE           	0F7C	0000	10
		_INT1_SetInterruptHandler		CODE           	0F72	0000	10
		_INT2_SetInterruptHandler		CODE           	0F68	0000	10
		_INTERRUPT_Initialize		CODE           	0D0E	0000	52
		_INTERRUPT_InterruptManager		CODE           	06C2	0000	162

mcc_generated_files/system/src/interrupt.c estimated size: 244

C:\Program Files\Microchip\xc8\v2.41\pic\sources\c99\common\awdiv.c
		___awdiv       		CODE           	0490	0000	196

C:\Program Files\Microchip\xc8\v2.41\pic\sources\c99\common\awdiv.c estimated size: 196

mcc_generated_files/pwm/src/pwm1_16bit.c
		_PWM1_16BIT_Period_SetInterruptHandler		CODE           	0F5E	0000	10
		_PWM1_16BIT_Slice1Output1_SetInterruptHandler		CODE           	0F54	0000	10
		_PWM1_16BIT_Slice1Output2_SetInterruptHandler		CODE           	0F4A	0000	10
		_PWM1_16BIT_Initialize		CODE           	0A72	0000	110

mcc_generated_files/pwm/src/pwm1_16bit.c estimated size: 140

mcc_generated_files/adc/src/adcc.c
		_ADCC_DefaultADI_ISR		CODE           	0FB4	0000	6
		_ADCC_GetConversionResult		CODE           	0F16	0000	22
		_ADCC_SetADIInterruptHandler		CODE           	0F90	0000	10
		_ADCC_ISR      		CODE           	0DA2	0000	48
		_ADCC_Initialize		CODE           	0AE0	0000	110

mcc_generated_files/adc/src/adcc.c estimated size: 196

C:\Program Files\Microchip\xc8\v2.41\pic\sources\c99\common\Umul24.c
		___tmul        		CODE           	0B4E	0000	88

C:\Program Files\Microchip\xc8\v2.41\pic\sources\c99\common\Umul24.c estimated size: 88

C:\Program Files\Microchip\xc8\v2.41\pic\sources\c99\common\abs.c
		_abs           		CODE           	0CCE	0000	64

C:\Program Files\Microchip\xc8\v2.41\pic\sources\c99\common\abs.c estimated size: 64

C:\Program Files\Microchip\xc8\v2.41\pic\sources\c99\common\doprnt.c
		_vfpfcnvrt     		CODE           	01B2	0000	300
		_pad           		CODE           	0986	0000	122
		_dtoa          		CODE           	001E	0000	404
		_vfprintf      		CODE           	0BF6	0000	80

C:\Program Files\Microchip\xc8\v2.41\pic\sources\c99\common\doprnt.c estimated size: 906

mcc_generated_files/uart/src/uart1.c
		_UART1_FramingErrorCallbackRegister		CODE           	0EDE	0000	28
		_UART1_OverrunErrorCallbackRegister		CODE           	0EC2	0000	28
		_UART1_Initialize		CODE           	088E	0000	126
		_UART1_ParityErrorCallbackRegister		CODE           	0EA6	0000	28

mcc_generated_files/uart/src/uart1.c estimated size: 210

mcc_generated_files/clc/src/clc1.c
		_CLC1_ISR      		CODE           	0D72	0000	48
		_CLC1_Initialize		CODE           	0C46	0000	68
		_CLC1_CLCI_SetInterruptHandler		CODE           	0F86	0000	10
		_CLC1_DefaultCLCI_ISR		CODE           	0FAE	0000	6

mcc_generated_files/clc/src/clc1.c estimated size: 132

mcc_generated_files/nvm/src/nvm.c
		_NVM_Initialize		CODE           	0FA2	0000	6
		_NVM_StatusClear		CODE           	0FA8	0000	6
		_FLASH_Read    		CODE           	0802	0000	140

mcc_generated_files/nvm/src/nvm.c estimated size: 152

C:\Program Files\Microchip\xc8\v2.41\pic\sources\c99\common\atdiv.c
		___atdiv       		CODE           	02DE	0000	232

C:\Program Files\Microchip\xc8\v2.41\pic\sources\c99\common\atdiv.c estimated size: 232

mcc_generated_files/system/src/pins.c
		_PIN_MANAGER_Initialize		CODE           	0764	0000	158
		_PIN_MANAGER_IOC		CODE           	0FC0	0000	2

mcc_generated_files/system/src/pins.c estimated size: 160

shared
		__initialization		CODE           	0E2E	0000	38
		_UART1         		MEDIUMCONST    	FEF3	0000	48
		_tmr1          		MEDIUMCONST    	FF2F	0000	12
		_tmr2          		MEDIUMCONST    	FF23	0000	12

shared estimated size: 110

C:\Program Files\Microchip\xc8\v2.41\pic\sources\c99\common\putch.c
		_putch         		CODE           	0FBA	0000	2

C:\Program Files\Microchip\xc8\v2.41\pic\sources\c99\common\putch.c estimated size: 2

mcc_generated_files/timer/src/tmr2.c
		_TMR2_ISR      		CODE           	0D42	0000	48
		_TMR2_Initialize		CODE           	0E00	0000	46
		_TMR2_OverflowCallbackRegister		CODE           	0F2C	0000	10
		_TMR2_DefaultOverflowCallback		CODE           	0FBE	0000	2

mcc_generated_files/timer/src/tmr2.c estimated size: 106

C:\Program Files\Microchip\xc8\v2.41\pic\sources\c99\common\nf_fputs.c
		_fputs         		CODE           	0C8A	0000	68

C:\Program Files\Microchip\xc8\v2.41\pic\sources\c99\common\nf_fputs.c estimated size: 68

mcc_generated_files/system/src/clock.c
		_CLOCK_Initialize		CODE           	0EFA	0000	28

mcc_generated_files/system/src/clock.c estimated size: 28

application.c
		_IntroSplashMessage		CODE           	0E5A	0000	38
		_TempIndicator_Init		CODE           	0A00	0000	114
		_TempIndicator_Calc		CODE           	0554	0000	190

application.c estimated size: 342

main.c
		_main          		CODE           	090C	0000	122

main.c estimated size: 122

mcc_generated_files/fvr/src/fvr.c
		_FVR_Initialize		CODE           	0F9A	0000	8

mcc_generated_files/fvr/src/fvr.c estimated size: 8

C:\Program Files\Microchip\xc8\v2.41\pic\sources\c99\common\printf.c
		_printf        		CODE           	0E80	0000	38

C:\Program Files\Microchip\xc8\v2.41\pic\sources\c99\common\printf.c estimated size: 38

mcc_generated_files/system/src/system.c
		_SYSTEM_Initialize		CODE           	0DD2	0000	46

mcc_generated_files/system/src/system.c estimated size: 46

