Microchip MPLAB XC8 Compiler V2.20

Linker command line:

-W-3 --edf=C:\Program Files\Microchip\xc8\v2.20\pic\dat\en_msgs.txt \
  -pivt0x8=08h -cn \
  -h+dist/default/production\pic18f16q40-cnano-demo-fw.X.production.sym \
  --cmf=dist/default/production\pic18f16q40-cnano-demo-fw.X.production.cmf \
  -z -Q18F16Q40 -oC:\Users\C16783\AppData\Local\Temp\s3ei8.2 \
  --defsym=__MPLAB_BUILD=1 \
  -Mdist/default/production/pic18f16q40-cnano-demo-fw.X.production.map -E1 \
  -ver=XC8 Compiler --acfsm=1493 -ASTACK=05ABh-014FFh -pstack=STACK \
  -ACODE=00h-0FFFFh -ACONST=00h-0FFFFh -ASMALLCONST=01600h-016FFhx234 \
  -AMEDIUMCONST=01600h-0FFFFh -ACOMRAM=0501h-055Fh -AABS1=0500h-015FFh \
  -ABIGRAM=0501h-015FFh -ARAM=0560h-05FFh,0600h-06FFhx16 \
  -ABANK5=0560h-05FFh -ABANK6=0600h-06FFh -ABANK7=0700h-07FFh \
  -ABANK8=0800h-08FFh -ABANK9=0900h-09FFh -ABANK10=0A00h-0AFFh \
  -ABANK11=0B00h-0BFFh -ABANK12=0C00h-0CFFh -ABANK13=0D00h-0DFFh \
  -ABANK14=0E00h-0EFFh -ABANK15=0F00h-0FFFh -ABANK16=01000h-010FFh \
  -ABANK17=01100h-011FFh -ABANK18=01200h-012FFh -ABANK19=01300h-013FFh \
  -ABANK20=01400h-014FFh -ABANK21=01500h-015FFh \
  -ASFR=00h-0FFhx4,0400h-045Fh,0460h-04FFh -ACONFIG=0300000h-0300011h \
  -AIDLOC=0200000h-020001Fh -preset_vec=00h -ppowerup=CODE,init \
  -pramtop=01600h -psmallconst=SMALLCONST -pmediumconst=MEDIUMCONST \
  -pconst=CONST -AFARRAM=00h-00h -AEEDATA=0380000h-03803FFh \
  -peeprom_data=EEDATA \
  -prdata=COMRAM,nvrram=COMRAM,nvbit=COMRAM,rbss=COMRAM,rbit=COMRAM \
  -pfarbss=FARRAM,fardata=FARRAM,nvFARRAM=FARRAM \
  -pintsave_regs=BIGRAM,bigbss=BIGRAM,bigdata=BIGRAM -pbss=RAM \
  -pidata=CODE,irdata=CODE,ibigdata=CODE,ifardata=CODE -prparam=COMRAM \
  C:\Users\C16783\AppData\Local\Temp\s3ei8.o \
  dist/default/production\pic18f16q40-cnano-demo-fw.X.production.o 

Object code version is 3.11

Machine type is 18F16Q40



                Name                               Link     Load   Length Selector   Space Scale
C:\Users\C16783\AppData\Local\Temp\s3ei8.o
                idloc                            200000   200000       20        0       5
                config                           300000   300000        A        0       4
                init                                 1A       1A        4        4       0
                reset_vec                             0        0        4        0       0
dist/default/production\pic18f16q40-cnano-demo-fw.X.production.o
                idloc                            200000   200000       20        0       5
                config                           300000   300000        A        0       4
                smallconst                         1600     1600       C6      B00       0
                ivt0x8                                8        8       12        4       0
                text43                             2818     2818        8      B63       0
                text42                             2666     2666       30      B63       0
                text41                             2806     2806        A      B63       0
                text40                             2486     2486       46      B63       0
                text39                             1BA0     1BA0      188      B63       0
                text38                             1D28     1D28      164      B63       0
                text37                             2510     2510       40      B63       0
                text36                             2788     2788       18      B63       0
                text35                             27FC     27FC        A      B63       0
                text34                             20FA     20FA       96      B63       0
                text33                             24CC     24CC       44      B63       0
                text32                             25C4     25C4       3A      B63       0
                text31                             1F74     1F74       C6      B63       0
                text30                             16C6     16C6      2E4      B63       0
                text29                             19AA     19AA      1F6      B63       0
                text28                             23C6     23C6       68      B63       0
                text27                             26C4     26C4       28      B63       0
                text26                             26EC     26EC       26      B63       0
                text25                             27F2     27F2        A      B63       0
                text24                             22F0     22F0       6C      B63       0
                text23                             25FE     25FE       38      B63       0
                text22                             2810     2810        8      B63       0
                text21                             2820     2820        4      B63       0
                text20                             276C     276C       1C      B63       0
                text19                             220C     220C       76      B63       0
                text18                             2750     2750       1C      B63       0
                text17                             27E8     27E8        A      B63       0
                text16                             27DE     27DE        A      B63       0
                text15                             27D4     27D4        A      B63       0
                text14                             2282     2282       6E      B63       0
                text13                             258A     258A       3A      B63       0
                text12                             2732     2732       1E      B63       0
                text11                             27CA     27CA        A      B63       0
                text10                             27C0     27C0        A      B63       0
                text9                              27B6     27B6        A      B63       0
                text8                              235C     235C       6A      B63       0
                text7                              2696     2696       2E      B63       0
                text6                              27A0     27A0       16      B63       0
                text5                              1E8C     1E8C       E8      B63       0
                text4                              242E     242E       58      B63       0
                text3                              203A     203A       C0      B63       0
                text2                              2636     2636       30      B63       0
                text1                              2550     2550       3A      B63       0
                cstackCOMRAM                        501      501       5F      501       1
                cstackBANK5                         5A4      5A4        7      560       1
                bssBANK5                            560      560       30      560       1
                cinit                              2712     2712       20      B63       0
                nvBANK5                             590      590       14      560       1
                text0                              2190     2190       7C      B63       0

TOTAL           Name                               Link     Load   Length     Space
        CLASS   STACK          

        CLASS   CODE           
                init                                 1A       1A        4         0
                reset_vec                             0        0        4         0
                ivt0x8                                8        8       12         0
                text43                             2818     2818        8         0
                text42                             2666     2666       30         0
                text41                             2806     2806        A         0
                text40                             2486     2486       46         0
                text39                             1BA0     1BA0      188         0
                text38                             1D28     1D28      164         0
                text37                             2510     2510       40         0
                text36                             2788     2788       18         0
                text35                             27FC     27FC        A         0
                text34                             20FA     20FA       96         0
                text33                             24CC     24CC       44         0
                text32                             25C4     25C4       3A         0
                text31                             1F74     1F74       C6         0
                text30                             16C6     16C6      2E4         0
                text29                             19AA     19AA      1F6         0
                text28                             23C6     23C6       68         0
                text27                             26C4     26C4       28         0
                text26                             26EC     26EC       26         0
                text25                             27F2     27F2        A         0
                text24                             22F0     22F0       6C         0
                text23                             25FE     25FE       38         0
                text22                             2810     2810        8         0
                text21                             2820     2820        4         0
                text20                             276C     276C       1C         0
                text19                             220C     220C       76         0
                text18                             2750     2750       1C         0
                text17                             27E8     27E8        A         0
                text16                             27DE     27DE        A         0
                text15                             27D4     27D4        A         0
                text14                             2282     2282       6E         0
                text13                             258A     258A       3A         0
                text12                             2732     2732       1E         0
                text11                             27CA     27CA        A         0
                text10                             27C0     27C0        A         0
                text9                              27B6     27B6        A         0
                text8                              235C     235C       6A         0
                text7                              2696     2696       2E         0
                text6                              27A0     27A0       16         0
                text5                              1E8C     1E8C       E8         0
                text4                              242E     242E       58         0
                text3                              203A     203A       C0         0
                text2                              2636     2636       30         0
                text1                              2550     2550       3A         0
                cinit                              2712     2712       20         0
                text0                              2190     2190       7C         0

        CLASS   CONST          

        CLASS   SMALLCONST     
                smallconst                         1600     1600       C6         0

        CLASS   MEDIUMCONST    

        CLASS   COMRAM         
                cstackCOMRAM                        501      501       5F         1

        CLASS   ABS1           
                abs_s1                             1500     1500        2         1

        CLASS   BIGRAM         

        CLASS   RAM            

        CLASS   BANK5          
                cstackBANK5                         5A4      5A4        7         1
                bssBANK5                            560      560       30         1
                nvBANK5                             590      590       14         1

        CLASS   BANK6          

        CLASS   BANK7          

        CLASS   BANK8          

        CLASS   BANK9          

        CLASS   BANK10         

        CLASS   BANK11         

        CLASS   BANK12         

        CLASS   BANK13         

        CLASS   BANK14         

        CLASS   BANK15         

        CLASS   BANK16         

        CLASS   BANK17         

        CLASS   BANK18         

        CLASS   BANK19         

        CLASS   BANK20         

        CLASS   BANK21         

        CLASS   SFR            

        CLASS   CONFIG         
                config                           300000   300000        A         4

        CLASS   IDLOC          
                idloc                            200000   200000       20         5

        CLASS   FARRAM         

        CLASS   EEDATA         



SEGMENTS        Name                           Load    Length   Top    Selector   Space  Class

                reset_vec                      000000  000004  000004         0       0  CODE    
                ivt0x8                         000008  000016  00001E         4       0  CODE    
                cstackCOMRAM                   000501  00005F  000560       501       1  COMRAM  
                bssBANK5                       000560  00004B  0005AB       560       1  BANK5   
                smallconst                     001600  0000C6  0016C6       B00       0  SMALLCON
                text30                         0016C6  00115E  002824       B63       0  CODE    


UNUSED ADDRESS RANGES

        Name                Unused          Largest block    Delta
        BANK10           000A00-000AFF              100
        BANK11           000B00-000BFF              100
        BANK12           000C00-000CFF              100
        BANK13           000D00-000DFF              100
        BANK14           000E00-000EFF              100
        BANK15           000F00-000FFF              100
        BANK16           001000-0010FF              100
        BANK17           001100-0011FF              100
        BANK18           001200-0012FF              100
        BANK19           001300-0013FF              100
        BANK20           001400-0014FF              100
        BANK21           001502-0015FF               FE
        BANK5            0005AB-0005FF               55
        BANK6            000600-0006FF              100
        BANK7            000700-0007FF              100
        BANK8            000800-0008FF              100
        BANK9            000900-0009FF              100
        BIGRAM           0005AB-0014FF              F55
                         001502-0015FF               FE
        CODE             000004-000007                4
                         00001E-0015FF             15E2
                         002824-00FFFF             D7DC
        CONFIG           30000A-300011                8
        CONST            000004-000007                4
                         00001E-0015FF             15E2
                         002824-00FFFF             D7DC
        EEDATA           380000-3803FF              400
        MEDIUMCONST      002824-00FFFF             D7DC
        RAM              0005AB-0014FF              100
                         001502-0015FF               FE
        SFR              000000-0004FF              100
        SMALLCONST       002824-00FFFF              100
        STACK            0005AB-0014FF              F55

                                  Symbol Table

?_ADCC_GetConversionResult                                    cstackCOMRAM 000501
?_FLASH_ReadWord                                              cstackCOMRAM 000501
?___aodiv                                                     cstackCOMRAM 000501
?___aomod                                                     cstackCOMRAM 000501
?___atdiv                                                     cstackCOMRAM 000501
?___tmul                                                      cstackCOMRAM 000501
?_abs                                                         cstackCOMRAM 000513
?_dtoa                                                        cstackCOMRAM 00051E
?_pad                                                         cstackCOMRAM 000513
?_printf                                                      cstackCOMRAM 00055A
?_strlen                                                      cstackCOMRAM 000501
?_vfpfcnvrt                                                   cstackCOMRAM 000542
?_vfprintf                                                    cstackCOMRAM 000552
ADCC_SetADIInterruptHandler@InterruptHandler                  cstackCOMRAM 000501
FLASH_ReadWord@flashAddr                                      cstackCOMRAM 000501
FLASH_ReadWord@readWordH                                      cstackCOMRAM 000508
FLASH_ReadWord@readWordL                                      cstackCOMRAM 000507
IVTBASEH                                                      (abs)        00045E
IVTBASEL                                                      (abs)        00045D
IVTBASEU                                                      (abs)        00045F
PWM1_16BIT_Period_SetInterruptHandler@InterruptHandler        cstackCOMRAM 000501
PWM1_16BIT_Slice1Output1_SetInterruptHandler@InterruptHandler cstackCOMRAM 000501
PWM1_16BIT_Slice1Output2_SetInterruptHandler@InterruptHandler cstackCOMRAM 000501
UART1_SetErrorHandler@interruptHandler                        cstackCOMRAM 000501
UART1_SetFramingErrorHandler@interruptHandler                 cstackCOMRAM 000501
UART1_SetOverrunErrorHandler@interruptHandler                 cstackCOMRAM 000501
UART1_Write@txData                                            cstackCOMRAM 000501
_ACTCON                                                       (abs)        0000AC
_ADACCH                                                       (abs)        0003E4
_ADACCL                                                       (abs)        0003E3
_ADACCU                                                       (abs)        0003E5
_ADACQH                                                       (abs)        0003EF
_ADACQL                                                       (abs)        0003EE
_ADACT                                                        (abs)        0003F9
_ADCAP                                                        (abs)        0003F0
_ADCC_ADI_InterruptHandler                                    nvBANK5      000592
_ADCC_DefaultInterruptHandler                                 text43       002818
_ADCC_GetConversionResult                                     text6        0027A0
_ADCC_ISR                                                     text42       002666
_ADCC_Initialize                                              text24       0022F0
_ADCC_SetADIInterruptHandler                                  text25       0027F2
_ADCLK                                                        (abs)        0003FA
_ADCNT                                                        (abs)        0003E6
_ADCON0                                                       (abs)        0003F3
_ADCON0bits                                                   (abs)        0003F3
_ADCON1                                                       (abs)        0003F4
_ADCON1bits                                                   (abs)        0003F4
_ADCON2                                                       (abs)        0003F5
_ADCON2bits                                                   (abs)        0003F5
_ADCON3                                                       (abs)        0003F6
_ADCON3bits                                                   (abs)        0003F6
_ADERRH                                                       (abs)        0003DE
_ADERRL                                                       (abs)        0003DD
_ADFLTRH                                                      (abs)        0003E2
_ADFLTRL                                                      (abs)        0003E1
_ADLTHH                                                       (abs)        0003DA
_ADLTHL                                                       (abs)        0003D9
_ADPCH                                                        (abs)        0003EC
_ADPREH                                                       (abs)        0003F2
_ADPREL                                                       (abs)        0003F1
_ADPREVH                                                      (abs)        0003E9
_ADPREVL                                                      (abs)        0003E8
_ADREF                                                        (abs)        0003F8
_ADRESH                                                       (abs)        0003EB
_ADRESL                                                       (abs)        0003EA
_ADRPT                                                        (abs)        0003E7
_ADSTAT                                                       (abs)        0003F7
_ADSTATbits                                                   (abs)        0003F7
_ADSTPTH                                                      (abs)        0003E0
_ADSTPTL                                                      (abs)        0003DF
_ADUTHH                                                       (abs)        0003DC
_ADUTHL                                                       (abs)        0003DB
_ANSELA                                                       (abs)        000400
_ANSELB                                                       (abs)        000408
_ANSELC                                                       (abs)        000410
_CLC1_ISR                                                     text41       002806
_CLC1_Initialize                                              text23       0025FE
_CLCDATA                                                      (abs)        0000D4
_CLCDATAbits                                                  (abs)        0000D4
_CLCIN0PPS                                                    (abs)        000261
_CLCSELECT                                                    (abs)        0000D5
_CLCnCON                                                      (abs)        0000D6
_CLCnGLS0                                                     (abs)        0000DC
_CLCnGLS1                                                     (abs)        0000DD
_CLCnGLS2                                                     (abs)        0000DE
_CLCnGLS3                                                     (abs)        0000DF
_CLCnPOL                                                      (abs)        0000D7
_CLCnSEL0                                                     (abs)        0000D8
_CLCnSEL1                                                     (abs)        0000D9
_CLCnSEL2                                                     (abs)        0000DA
_CLCnSEL3                                                     (abs)        0000DB
_FLASH_ReadWord                                               text2        002636
_FVRCON                                                       (abs)        0003D7
_FVRCONbits                                                   (abs)        0003D7
_FVR_Initialize                                               text22       002810
_INLVLA                                                       (abs)        000404
_INLVLB                                                       (abs)        00040C
_INLVLC                                                       (abs)        000414
_INTCON0bits                                                  (abs)        0004D6
_INTERRUPT_Initialize                                         text21       002820
_INTERRUPT_InterruptManager                                   text40       002486
_IntroSplashMessage                                           text26       0026EC
_LATA                                                         (abs)        0004BE
_LATB                                                         (abs)        0004BF
_LATC                                                         (abs)        0004C0
_LATCbits                                                     (abs)        0004C0
_NVMADRH                                                      (abs)        000044
_NVMADRL                                                      (abs)        000043
_NVMADRU                                                      (abs)        000045
_NVMCON0bits                                                  (abs)        000040
_NVMCON1bits                                                  (abs)        000041
_NVMDATL                                                      (abs)        000046
_NVMLOCK                                                      (abs)        000042
_ODCONA                                                       (abs)        000402
_ODCONB                                                       (abs)        00040A
_ODCONC                                                       (abs)        000412
_OSCCON1                                                      (abs)        0000AD
_OSCCON3                                                      (abs)        0000AF
_OSCEN                                                        (abs)        0000B3
_OSCFRQ                                                       (abs)        0000B1
_OSCILLATOR_Initialize                                        text20       00276C
_OSCTUNE                                                      (abs)        0000B0
_PIE0bits                                                     (abs)        0004A8
_PIE1bits                                                     (abs)        0004A9
_PIE4bits                                                     (abs)        0004AC
_PIN_MANAGER_Initialize                                       text19       00220C
_PIR0bits                                                     (abs)        0004B3
_PIR1bits                                                     (abs)        0004B4
_PIR3bits                                                     (abs)        0004B6
_PIR4bits                                                     (abs)        0004B7
_PMD0                                                         (abs)        000063
_PMD1                                                         (abs)        000064
_PMD2                                                         (abs)        000065
_PMD3                                                         (abs)        000066
_PMD4                                                         (abs)        000067
_PMD5                                                         (abs)        000068
_PMD_Initialize                                               text18       002750
_PR2                                                          (abs)        00031D
_PWM1CLK                                                      (abs)        000461
_PWM1CON                                                      (abs)        000469
_PWM1CONbits                                                  (abs)        000469
_PWM1CPRE                                                     (abs)        000465
_PWM1ERS                                                      (abs)        000460
_PWM1GIE                                                      (abs)        000468
_PWM1GIEbits                                                  (abs)        000468
_PWM1GIR                                                      (abs)        000467
_PWM1GIRbits                                                  (abs)        000467
_PWM1LDS                                                      (abs)        000462
_PWM1PIPOS                                                    (abs)        000466
_PWM1PRH                                                      (abs)        000464
_PWM1PRL                                                      (abs)        000463
_PWM1S1CFG                                                    (abs)        00046A
_PWM1S1P1H                                                    (abs)        00046C
_PWM1S1P1L                                                    (abs)        00046B
_PWM1S1P2H                                                    (abs)        00046E
_PWM1S1P2L                                                    (abs)        00046D
_PWM1_16BIT_Initialize                                        text14       002282
_PWM1_16BIT_Period_DefaultInterruptHandler                    (abs)        000000
_PWM1_16BIT_Period_InterruptHandler                           nvBANK5      000594
_PWM1_16BIT_Period_SetInterruptHandler                        text17       0027E8
_PWM1_16BIT_Slice1Output1_DefaultInterruptHandler             (abs)        000000
_PWM1_16BIT_Slice1Output1_InterruptHandler                    nvBANK5      000598
_PWM1_16BIT_Slice1Output1_SetInterruptHandler                 text16       0027DE
_PWM1_16BIT_Slice1Output2_DefaultInterruptHandler             (abs)        000000
_PWM1_16BIT_Slice1Output2_InterruptHandler                    nvBANK5      000596
_PWM1_16BIT_Slice1Output2_SetInterruptHandler                 text15       0027D4
_PWMIN0PPS                                                    (abs)        000257
_PWMIN1PPS                                                    (abs)        000258
_RA4PPS                                                       (abs)        000205
_RA5PPS                                                       (abs)        000206
_RB7PPS                                                       (abs)        000210
_SLRCONA                                                      (abs)        000403
_SLRCONB                                                      (abs)        00040B
_SLRCONC                                                      (abs)        000413
_SW0_flag                                                     bssBANK5     00056D
_SYSTEM_Initialize                                            text7        002696
_T1CLK                                                        (abs)        000317
_T1CON                                                        (abs)        000314
_T1CONbits                                                    (abs)        000314
_T1GATE                                                       (abs)        000316
_T1GCON                                                       (abs)        000315
_T1GCONbits                                                   (abs)        000315
_T2CLKCON                                                     (abs)        000320
_T2CON                                                        (abs)        00031E
_T2CONbits                                                    (abs)        00031E
_T2HLT                                                        (abs)        00031F
_T2HLTbits                                                    (abs)        00031F
_T2INPPS                                                      (abs)        000248
_T2PR                                                         (abs)        00031D
_T2RST                                                        (abs)        000321
_T2RSTbits                                                    (abs)        000321
_T2TMR                                                        (abs)        00031C
_TABLAT                                                       (abs)        0004F5
_TBLPTRH                                                      (abs)        0004F7
_TBLPTRL                                                      (abs)        0004F6
_TBLPTRU                                                      (abs)        0004F8
_TMR1H                                                        (abs)        000313
_TMR1L                                                        (abs)        000312
_TMR1_Initialize                                              text13       00258A
_TMR2                                                         (abs)        00031C
_TMR2_Initialize                                              text12       002732
_TRISA                                                        (abs)        0004C6
_TRISB                                                        (abs)        0004C7
_TRISC                                                        (abs)        0004C8
_TempIndicator_Calc                                           text3        00203A
_TempIndicator_Init                                           text1        002550
_U1BRGH                                                       (abs)        0002AF
_U1BRGL                                                       (abs)        0002AE
_U1CON0                                                       (abs)        0002AB
_U1CON0bits                                                   (abs)        0002AB
_U1CON1                                                       (abs)        0002AC
_U1CON2                                                       (abs)        0002AD
_U1ERRIE                                                      (abs)        0002B3
_U1ERRIR                                                      (abs)        0002B2
_U1ERRIRbits                                                  (abs)        0002B2
_U1FIFO                                                       (abs)        0002B0
_U1P1H                                                        (abs)        0002A6
_U1P1L                                                        (abs)        0002A5
_U1P2H                                                        (abs)        0002A8
_U1P2L                                                        (abs)        0002A7
_U1P3H                                                        (abs)        0002AA
_U1P3L                                                        (abs)        0002A9
_U1RXB                                                        (abs)        0002A1
_U1RXPPS                                                      (abs)        000272
_U1TXB                                                        (abs)        0002A3
_U1UIR                                                        (abs)        0002B1
_UART1_DefaultErrorHandler                                    (abs)        000000
_UART1_DefaultFramingErrorHandler                             (abs)        000000
_UART1_DefaultOverrunErrorHandler                             (abs)        000000
_UART1_ErrorHandler                                           nvBANK5      00059E
_UART1_FramingErrorHandler                                    nvBANK5      0005A2
_UART1_Initialize                                             text8        00235C
_UART1_OverrunErrorHandler                                    nvBANK5      0005A0
_UART1_SetErrorHandler                                        text11       0027CA
_UART1_SetFramingErrorHandler                                 text10       0027C0
_UART1_SetOverrunErrorHandler                                 text9        0027B6
_UART1_Write                                                  text36       002788
_WPUA                                                         (abs)        000401
_WPUB                                                         (abs)        000409
_WPUC                                                         (abs)        000411
__HRAM                                                        (abs)        000000
__Habs1                                                       abs1         000000
__Hbank10                                                     bank10       000000
__Hbank11                                                     bank11       000000
__Hbank12                                                     bank12       000000
__Hbank13                                                     bank13       000000
__Hbank14                                                     bank14       000000
__Hbank15                                                     bank15       000000
__Hbank16                                                     bank16       000000
__Hbank17                                                     bank17       000000
__Hbank18                                                     bank18       000000
__Hbank19                                                     bank19       000000
__Hbank20                                                     bank20       000000
__Hbank21                                                     bank21       000000
__Hbank5                                                      bank5        000000
__Hbank6                                                      bank6        000000
__Hbank7                                                      bank7        000000
__Hbank8                                                      bank8        000000
__Hbank9                                                      bank9        000000
__Hbigbss                                                     bigbss       000000
__Hbigdata                                                    bigdata      000000
__Hbigram                                                     bigram       000000
__Hbss                                                        bss          000000
__HbssBANK5                                                   bssBANK5     000000
__Hcinit                                                      cinit        000000
__Hclrtext                                                    clrtext      000000
__Hcomram                                                     comram       000000
__Hconfig                                                     config       30000A
__Hconst                                                      const        000000
__HcstackBANK5                                                cstackBANK5  000000
__HcstackCOMRAM                                               cstackCOMRAM 000000
__Hdata                                                       data         000000
__Heeprom_data                                                eeprom_data  000000
__Hfarbss                                                     farbss       000000
__Hfardata                                                    fardata      000000
__Hibigdata                                                   ibigdata     000000
__Hidata                                                      idata        000000
__Hidloc                                                      idloc        200020
__Hifardata                                                   ifardata     000000
__Hinit                                                       init         00001E
__Hintsave_regs                                               intsave_regs 000000
__Hirdata                                                     irdata       000000
__Hivt0x8                                                     ivt0x8       00001A
__Hmediumconst                                                mediumconst  000000
__HnvBANK5                                                    nvBANK5      000000
__HnvFARRAM                                                   nvFARRAM     000000
__Hnvbit                                                      nvbit        000000
__Hnvrram                                                     nvrram       000000
__Hparam                                                      rparam       000000
__Hpowerup                                                    powerup      000000
__Hram                                                        ram          000000
__Hramtop                                                     ramtop       001600
__Hrbit                                                       rbit         000000
__Hrbss                                                       rbss         000000
__Hrdata                                                      rdata        000000
__Hreset_vec                                                  reset_vec    000004
__Hrparam                                                     rparam       000000
__Hsfr                                                        sfr          000000
__Hsmallconst                                                 smallconst   0016C6
__Hspace_0                                                    (abs)        002824
__Hspace_1                                                    (abs)        0005AB
__Hspace_2                                                    (abs)        000000
__Hspace_4                                                    (abs)        60000A
__Hstack                                                      stack        000000
__Hstruct                                                     struct       000000
__Htemp                                                       temp         000000
__Htext                                                       text         000000
__Htext0                                                      text0        000000
__Htext1                                                      text1        000000
__Htext10                                                     text10       000000
__Htext11                                                     text11       000000
__Htext12                                                     text12       000000
__Htext13                                                     text13       000000
__Htext14                                                     text14       000000
__Htext15                                                     text15       000000
__Htext16                                                     text16       000000
__Htext17                                                     text17       000000
__Htext18                                                     text18       000000
__Htext19                                                     text19       000000
__Htext2                                                      text2        000000
__Htext20                                                     text20       000000
__Htext21                                                     text21       000000
__Htext22                                                     text22       000000
__Htext23                                                     text23       000000
__Htext24                                                     text24       000000
__Htext25                                                     text25       000000
__Htext26                                                     text26       000000
__Htext27                                                     text27       000000
__Htext28                                                     text28       000000
__Htext29                                                     text29       000000
__Htext3                                                      text3        000000
__Htext30                                                     text30       000000
__Htext31                                                     text31       000000
__Htext32                                                     text32       000000
__Htext33                                                     text33       000000
__Htext34                                                     text34       000000
__Htext35                                                     text35       000000
__Htext36                                                     text36       000000
__Htext37                                                     text37       000000
__Htext38                                                     text38       000000
__Htext39                                                     text39       000000
__Htext4                                                      text4        000000
__Htext40                                                     text40       000000
__Htext41                                                     text41       000000
__Htext42                                                     text42       000000
__Htext43                                                     text43       000000
__Htext44                                                     text44       000000
__Htext5                                                      text5        000000
__Htext6                                                      text6        000000
__Htext7                                                      text7        000000
__Htext8                                                      text8        000000
__Htext9                                                      text9        000000
__LRAM                                                        (abs)        000001
__Labs1                                                       abs1         000000
__Lbank10                                                     bank10       000000
__Lbank11                                                     bank11       000000
__Lbank12                                                     bank12       000000
__Lbank13                                                     bank13       000000
__Lbank14                                                     bank14       000000
__Lbank15                                                     bank15       000000
__Lbank16                                                     bank16       000000
__Lbank17                                                     bank17       000000
__Lbank18                                                     bank18       000000
__Lbank19                                                     bank19       000000
__Lbank20                                                     bank20       000000
__Lbank21                                                     bank21       000000
__Lbank5                                                      bank5        000000
__Lbank6                                                      bank6        000000
__Lbank7                                                      bank7        000000
__Lbank8                                                      bank8        000000
__Lbank9                                                      bank9        000000
__Lbigbss                                                     bigbss       000000
__Lbigdata                                                    bigdata      000000
__Lbigram                                                     bigram       000000
__Lbss                                                        bss          000000
__LbssBANK5                                                   bssBANK5     000000
__Lcinit                                                      cinit        000000
__Lclrtext                                                    clrtext      000000
__Lcomram                                                     comram       000000
__Lconfig                                                     config       000000
__Lconst                                                      const        000000
__LcstackBANK5                                                cstackBANK5  000000
__LcstackCOMRAM                                               cstackCOMRAM 000000
__Ldata                                                       data         000000
__Leeprom_data                                                eeprom_data  000000
__Lfarbss                                                     farbss       000000
__Lfardata                                                    fardata      000000
__Libigdata                                                   ibigdata     000000
__Lidata                                                      idata        000000
__Lidloc                                                      idloc        000000
__Lifardata                                                   ifardata     000000
__Linit                                                       init         00001A
__Lintsave_regs                                               intsave_regs 000000
__Lirdata                                                     irdata       000000
__Livt0x8                                                     ivt0x8       000008
__Lmediumconst                                                mediumconst  000000
__LnvBANK5                                                    nvBANK5      000000
__LnvFARRAM                                                   nvFARRAM     000000
__Lnvbit                                                      nvbit        000000
__Lnvrram                                                     nvrram       000000
__Lparam                                                      rparam       000000
__Lpowerup                                                    powerup      000000
__Lram                                                        ram          000000
__Lramtop                                                     ramtop       001600
__Lrbit                                                       rbit         000000
__Lrbss                                                       rbss         000000
__Lrdata                                                      rdata        000000
__Lreset_vec                                                  reset_vec    000000
__Lrparam                                                     rparam       000000
__Lsfr                                                        sfr          000000
__Lsmallconst                                                 smallconst   001600
__Lspace_0                                                    (abs)        000000
__Lspace_1                                                    (abs)        000000
__Lspace_2                                                    (abs)        000000
__Lspace_4                                                    (abs)        000000
__Lstack                                                      stack        000000
__Lstruct                                                     struct       000000
__Ltemp                                                       temp         000000
__Ltext                                                       text         000000
__Ltext0                                                      text0        000000
__Ltext1                                                      text1        000000
__Ltext10                                                     text10       000000
__Ltext11                                                     text11       000000
__Ltext12                                                     text12       000000
__Ltext13                                                     text13       000000
__Ltext14                                                     text14       000000
__Ltext15                                                     text15       000000
__Ltext16                                                     text16       000000
__Ltext17                                                     text17       000000
__Ltext18                                                     text18       000000
__Ltext19                                                     text19       000000
__Ltext2                                                      text2        000000
__Ltext20                                                     text20       000000
__Ltext21                                                     text21       000000
__Ltext22                                                     text22       000000
__Ltext23                                                     text23       000000
__Ltext24                                                     text24       000000
__Ltext25                                                     text25       000000
__Ltext26                                                     text26       000000
__Ltext27                                                     text27       000000
__Ltext28                                                     text28       000000
__Ltext29                                                     text29       000000
__Ltext3                                                      text3        000000
__Ltext30                                                     text30       000000
__Ltext31                                                     text31       000000
__Ltext32                                                     text32       000000
__Ltext33                                                     text33       000000
__Ltext34                                                     text34       000000
__Ltext35                                                     text35       000000
__Ltext36                                                     text36       000000
__Ltext37                                                     text37       000000
__Ltext38                                                     text38       000000
__Ltext39                                                     text39       000000
__Ltext4                                                      text4        000000
__Ltext40                                                     text40       000000
__Ltext41                                                     text41       000000
__Ltext42                                                     text42       000000
__Ltext43                                                     text43       000000
__Ltext44                                                     text44       000000
__Ltext5                                                      text5        000000
__Ltext6                                                      text6        000000
__Ltext7                                                      text7        000000
__Ltext8                                                      text8        000000
__Ltext9                                                      text9        000000
__S0                                                          (abs)        002824
__S1                                                          (abs)        0005AB
__S2                                                          (abs)        000000
__S4                                                          (abs)        000000
__S5                                                          (abs)        000000
___aodiv                                                      text39       001BA0
___aodiv@counter                                              cstackCOMRAM 000511
___aodiv@dividend                                             cstackCOMRAM 000501
___aodiv@divisor                                              cstackCOMRAM 000509
___aodiv@quotient                                             cstackCOMRAM 000513
___aodiv@sign                                                 cstackCOMRAM 000512
___aomod                                                      text38       001D28
___aomod@counter                                              cstackCOMRAM 000511
___aomod@dividend                                             cstackCOMRAM 000501
___aomod@divisor                                              cstackCOMRAM 000509
___aomod@sign                                                 cstackCOMRAM 000512
___atdiv                                                      text5        001E8C
___atdiv@counter                                              cstackCOMRAM 000507
___atdiv@dividend                                             cstackCOMRAM 000501
___atdiv@divisor                                              cstackCOMRAM 000504
___atdiv@quotient                                             cstackCOMRAM 000509
___atdiv@sign                                                 cstackCOMRAM 000508
___inthi_sp                                                   stack        000000
___intlo_sp                                                   stack        000000
___param_bank                                                 (abs)        000000
___rparam_used                                                (abs)        000001
___sp                                                         stack        000000
___tmul                                                       text4        00242E
___tmul@multiplicand                                          cstackCOMRAM 000504
___tmul@multiplier                                            cstackCOMRAM 000501
___tmul@product                                               cstackCOMRAM 000507
__accesstop                                                   (abs)        000560
__activetblptr                                                (abs)        000003
__end_of_ADCC_DefaultInterruptHandler                         text43       002820
__end_of_ADCC_GetConversionResult                             text6        0027B6
__end_of_ADCC_ISR                                             text42       002696
__end_of_ADCC_Initialize                                      text24       00235C
__end_of_ADCC_SetADIInterruptHandler                          text25       0027FC
__end_of_CLC1_ISR                                             text41       002810
__end_of_CLC1_Initialize                                      text23       002636
__end_of_FLASH_ReadWord                                       text2        002666
__end_of_FVR_Initialize                                       text22       002818
__end_of_INTERRUPT_Initialize                                 text21       002824
__end_of_INTERRUPT_InterruptManager                           text40       0024CC
__end_of_IntroSplashMessage                                   text26       002712
__end_of_OSCILLATOR_Initialize                                text20       002788
__end_of_PIN_MANAGER_Initialize                               text19       002282
__end_of_PMD_Initialize                                       text18       00276C
__end_of_PWM1_16BIT_Initialize                                text14       0022F0
__end_of_PWM1_16BIT_Period_SetInterruptHandler                text17       0027F2
__end_of_PWM1_16BIT_Slice1Output1_SetInterruptHandler         text16       0027E8
__end_of_PWM1_16BIT_Slice1Output2_SetInterruptHandler         text15       0027DE
__end_of_SYSTEM_Initialize                                    text7        0026C4
__end_of_TMR1_Initialize                                      text13       0025C4
__end_of_TMR2_Initialize                                      text12       002750
__end_of_TempIndicator_Calc                                   text3        0020FA
__end_of_TempIndicator_Init                                   text1        00258A
__end_of_UART1_Initialize                                     text8        0023C6
__end_of_UART1_SetErrorHandler                                text11       0027D4
__end_of_UART1_SetFramingErrorHandler                         text10       0027CA
__end_of_UART1_SetOverrunErrorHandler                         text9        0027C0
__end_of_UART1_Write                                          text36       0027A0
__end_of___aodiv                                              text39       001D28
__end_of___aomod                                              text38       001E8C
__end_of___atdiv                                              text5        001F74
__end_of___tmul                                               text4        002486
__end_of__initialization                                      cinit        00272C
__end_of_abs                                                  text37       002550
__end_of_dtoa                                                 text30       0019AA
__end_of_fputc                                                text34       002190
__end_of_fputs                                                text33       002510
__end_of_main                                                 text0        00220C
__end_of_pad                                                  text31       00203A
__end_of_printf                                               text27       0026EC
__end_of_putch                                                text35       002806
__end_of_strlen                                               text32       0025FE
__end_of_vfpfcnvrt                                            text29       001BA0
__end_of_vfprintf                                             text28       00242E
__initialization                                              cinit        002712
__mediumconst                                                 mediumconst  000000
__pbssBANK5                                                   bssBANK5     000560
__pcinit                                                      cinit        002712
__pcstackBANK5                                                cstackBANK5  0005A4
__pcstackCOMRAM                                               cstackCOMRAM 000501
__pivt0x8                                                     ivt0x8       000008
__pnvBANK5                                                    nvBANK5      000590
__psmallconst                                                 smallconst   001600
__ptext0                                                      text0        002190
__ptext1                                                      text1        002550
__ptext10                                                     text10       0027C0
__ptext11                                                     text11       0027CA
__ptext12                                                     text12       002732
__ptext13                                                     text13       00258A
__ptext14                                                     text14       002282
__ptext15                                                     text15       0027D4
__ptext16                                                     text16       0027DE
__ptext17                                                     text17       0027E8
__ptext18                                                     text18       002750
__ptext19                                                     text19       00220C
__ptext2                                                      text2        002636
__ptext20                                                     text20       00276C
__ptext21                                                     text21       002820
__ptext22                                                     text22       002810
__ptext23                                                     text23       0025FE
__ptext24                                                     text24       0022F0
__ptext25                                                     text25       0027F2
__ptext26                                                     text26       0026EC
__ptext27                                                     text27       0026C4
__ptext28                                                     text28       0023C6
__ptext29                                                     text29       0019AA
__ptext3                                                      text3        00203A
__ptext30                                                     text30       0016C6
__ptext31                                                     text31       001F74
__ptext32                                                     text32       0025C4
__ptext33                                                     text33       0024CC
__ptext34                                                     text34       0020FA
__ptext35                                                     text35       0027FC
__ptext36                                                     text36       002788
__ptext37                                                     text37       002510
__ptext38                                                     text38       001D28
__ptext39                                                     text39       001BA0
__ptext4                                                      text4        00242E
__ptext40                                                     text40       002486
__ptext41                                                     text41       002806
__ptext42                                                     text42       002666
__ptext43                                                     text43       002818
__ptext44                                                     text44       000000
__ptext5                                                      text5        001E8C
__ptext6                                                      text6        0027A0
__ptext7                                                      text7        002696
__ptext8                                                      text8        00235C
__ptext9                                                      text9        0027B6
__ramtop                                                      ramtop       001600
__size_of_ADCC_DefaultInterruptHandler                        (abs)        000000
__size_of_ADCC_GetConversionResult                            (abs)        000000
__size_of_ADCC_ISR                                            (abs)        000000
__size_of_ADCC_Initialize                                     (abs)        000000
__size_of_ADCC_SetADIInterruptHandler                         (abs)        000000
__size_of_CLC1_ISR                                            (abs)        000000
__size_of_CLC1_Initialize                                     (abs)        000000
__size_of_FLASH_ReadWord                                      (abs)        000000
__size_of_FVR_Initialize                                      (abs)        000000
__size_of_INTERRUPT_Initialize                                (abs)        000000
__size_of_INTERRUPT_InterruptManager                          (abs)        000000
__size_of_IntroSplashMessage                                  (abs)        000000
__size_of_OSCILLATOR_Initialize                               (abs)        000000
__size_of_PIN_MANAGER_Initialize                              (abs)        000000
__size_of_PMD_Initialize                                      (abs)        000000
__size_of_PWM1_16BIT_Initialize                               (abs)        000000
__size_of_PWM1_16BIT_Period_SetInterruptHandler               (abs)        000000
__size_of_PWM1_16BIT_Slice1Output1_SetInterruptHandler        (abs)        000000
__size_of_PWM1_16BIT_Slice1Output2_SetInterruptHandler        (abs)        000000
__size_of_SYSTEM_Initialize                                   (abs)        000000
__size_of_TMR1_Initialize                                     (abs)        000000
__size_of_TMR2_Initialize                                     (abs)        000000
__size_of_TempIndicator_Calc                                  (abs)        000000
__size_of_TempIndicator_Init                                  (abs)        000000
__size_of_UART1_Initialize                                    (abs)        000000
__size_of_UART1_SetErrorHandler                               (abs)        000000
__size_of_UART1_SetFramingErrorHandler                        (abs)        000000
__size_of_UART1_SetOverrunErrorHandler                        (abs)        000000
__size_of_UART1_Write                                         (abs)        000000
__size_of___aodiv                                             (abs)        000000
__size_of___aomod                                             (abs)        000000
__size_of___atdiv                                             (abs)        000000
__size_of___tmul                                              (abs)        000000
__size_of_abs                                                 (abs)        000000
__size_of_dtoa                                                (abs)        000000
__size_of_fputc                                               (abs)        000000
__size_of_fputs                                               (abs)        000000
__size_of_main                                                (abs)        000000
__size_of_pad                                                 (abs)        000000
__size_of_printf                                              (abs)        000000
__size_of_putch                                               (abs)        000000
__size_of_strlen                                              (abs)        000000
__size_of_vfpfcnvrt                                           (abs)        000000
__size_of_vfprintf                                            (abs)        000000
__smallconst                                                  smallconst   001600
_abs                                                          text37       002510
_adcc_flag                                                    bssBANK5     00056E
_adcc_meas                                                    bssBANK5     00056B
_bufferRAM                                                    (abs)        001500
_dbuf                                                         bssBANK5     000570
_dtoa                                                         text30       0016C6
_dtoa$2368                                                    cstackCOMRAM 000530
_flags                                                        bssBANK5     000569
_fputc                                                        text34       0020FA
_fputs                                                        text33       0024CC
_gain                                                         nvBANK5      00059C
_main                                                         text0        002190
_nout                                                         bssBANK5     000563
_offset                                                       nvBANK5      00059A
_pad                                                          text31       001F74
_prec                                                         bssBANK5     000567
_printf                                                       text27       0026C4
_putch                                                        text35       0027FC
_strlen                                                       text32       0025C4
_tempC                                                        bssBANK5     000560
_timer1ReloadVal                                              nvBANK5      000590
_uart1RxLastError                                             bssBANK5     00056F
_vfpfcnvrt                                                    text29       0019AA
_vfprintf                                                     text28       0023C6
_width                                                        bssBANK5     000565
abs@a                                                         cstackCOMRAM 000513
dtoa@d                                                        cstackCOMRAM 000520
dtoa@fp                                                       cstackCOMRAM 00051E
dtoa@i                                                        cstackCOMRAM 000540
dtoa@n                                                        cstackCOMRAM 000538
dtoa@p                                                        cstackCOMRAM 000532
dtoa@s                                                        cstackCOMRAM 000536
dtoa@w                                                        cstackCOMRAM 000534
end_of_initialization                                         cinit        00272C
fputc@c                                                       cstackCOMRAM 000503
fputc@fp                                                      cstackCOMRAM 000505
fputs@c                                                       cstackCOMRAM 000510
fputs@fp                                                      cstackCOMRAM 00050E
fputs@i                                                       cstackCOMRAM 000511
fputs@s                                                       cstackCOMRAM 00050C
intlevel0                                                     text         000000
intlevel1                                                     text         000000
intlevel2                                                     text         000000
intlevel3                                                     text         000000
ivt0x8_base                                                   ivt0x8       000008
pad@buf                                                       cstackCOMRAM 000515
pad@fp                                                        cstackCOMRAM 000513
pad@i                                                         cstackCOMRAM 00051A
pad@p                                                         cstackCOMRAM 000517
pad@w                                                         cstackCOMRAM 00051C
printf@ap                                                     cstackBANK5  0005A6
printf@fmt                                                    cstackCOMRAM 00055A
putch@txData                                                  cstackCOMRAM 000502
stackhi                                                       (abs)        0014FF
stacklo                                                       (abs)        0005AB
start                                                         init         00001A
start_initialization                                          cinit        002712
strlen@a                                                      cstackCOMRAM 000503
strlen@s                                                      cstackCOMRAM 000501
vfpfcnvrt@ap                                                  cstackCOMRAM 000546
vfpfcnvrt@fmt                                                 cstackCOMRAM 000544
vfpfcnvrt@fp                                                  cstackCOMRAM 000542
vfpfcnvrt@ll                                                  cstackCOMRAM 00054A
vfprintf@ap                                                   cstackCOMRAM 000556
vfprintf@cfmt                                                 cstackCOMRAM 000558
vfprintf@fmt                                                  cstackCOMRAM 000554
vfprintf@fp                                                   cstackCOMRAM 000552


FUNCTION INFORMATION:

 *************** function _main *****************
 Defined at:
		line 50 in file "main.c"
 Parameters:    Size  Location     Type
		None
 Auto vars:     Size  Location     Type
		None
 Return value:  Size  Location     Type
                  1    wreg      void 
 Registers used:
		wreg, fsr1l, fsr1h, fsr2l, fsr2h, status,2, status,0, tblptrl, tblptrh, tblptru, cstack
 Tracked objects:
		On entry : 
		On exit  : 
		Unchanged: 
 Data sizes:     COMRAM   BANK5   BANK6   BANK7   BANK8   BANK9  BANK10  BANK11  BANK12  BANK13  BANK14  BANK15  BANK16  BANK17  BANK18  BANK19  BANK20  BANK21
      Params:         0       0       0       0       0       0       0       0       0       0       0       0       0       0       0       0       0       0
      Locals:         0       0       0       0       0       0       0       0       0       0       0       0       0       0       0       0       0       0
      Temps:          1       0       0       0       0       0       0       0       0       0       0       0       0       0       0       0       0       0
      Totals:         1       0       0       0       0       0       0       0       0       0       0       0       0       0       0       0       0       0
Total ram usage:        1 bytes
 Hardware stack levels required when called:   13
 This function calls:
		_IntroSplashMessage
		_SYSTEM_Initialize
		_TempIndicator_Calc
		_TempIndicator_Init
		_printf
 This function is called by:
		Startup code after reset
 This function uses a non-reentrant model


 *************** function _TempIndicator_Init *****************
 Defined at:
		line 18 in file "application.c"
 Parameters:    Size  Location     Type
		None
 Auto vars:     Size  Location     Type
		None
 Return value:  Size  Location     Type
                  1    wreg      void 
 Registers used:
		wreg, status,2, cstack
 Tracked objects:
		On entry : 
		On exit  : 
		Unchanged: 
 Data sizes:     COMRAM   BANK5   BANK6   BANK7   BANK8   BANK9  BANK10  BANK11  BANK12  BANK13  BANK14  BANK15  BANK16  BANK17  BANK18  BANK19  BANK20  BANK21
      Params:         0       0       0       0       0       0       0       0       0       0       0       0       0       0       0       0       0       0
      Locals:         0       0       0       0       0       0       0       0       0       0       0       0       0       0       0       0       0       0
      Temps:          0       0       0       0       0       0       0       0       0       0       0       0       0       0       0       0       0       0
      Totals:         0       0       0       0       0       0       0       0       0       0       0       0       0       0       0       0       0       0
Total ram usage:        0 bytes
 Hardware stack levels used:    1
 Hardware stack levels required when called:    4
 This function calls:
		_FLASH_ReadWord
 This function is called by:
		_main
 This function uses a non-reentrant model


 *************** function _FLASH_ReadWord *****************
 Defined at:
		line 73 in file "mcc_generated_files/memory.c"
 Parameters:    Size  Location     Type
  flashAddr       4    0[COMRAM] unsigned long 
 Auto vars:     Size  Location     Type
  readWordH       1    7[COMRAM] unsigned char 
  readWordL       1    6[COMRAM] unsigned char 
 Return value:  Size  Location     Type
                  2    0[COMRAM] unsigned short 
 Registers used:
		wreg, status,2
 Tracked objects:
		On entry : 
		On exit  : 
		Unchanged: 
 Data sizes:     COMRAM   BANK5   BANK6   BANK7   BANK8   BANK9  BANK10  BANK11  BANK12  BANK13  BANK14  BANK15  BANK16  BANK17  BANK18  BANK19  BANK20  BANK21
      Params:         4       0       0       0       0       0       0       0       0       0       0       0       0       0       0       0       0       0
      Locals:         2       0       0       0       0       0       0       0       0       0       0       0       0       0       0       0       0       0
      Temps:          2       0       0       0       0       0       0       0       0       0       0       0       0       0       0       0       0       0
      Totals:         8       0       0       0       0       0       0       0       0       0       0       0       0       0       0       0       0       0
Total ram usage:        8 bytes
 Hardware stack levels used:    1
 Hardware stack levels required when called:    3
 This function calls:
		Nothing
 This function is called by:
		_TempIndicator_Init
 This function uses a non-reentrant model


 *************** function _TempIndicator_Calc *****************
 Defined at:
		line 23 in file "application.c"
 Parameters:    Size  Location     Type
		None
 Auto vars:     Size  Location     Type
		None
 Return value:  Size  Location     Type
                  1    wreg      void 
 Registers used:
		wreg, fsr1l, fsr1h, fsr2l, fsr2h, status,2, status,0, tblptrl, tblptrh, tblptru, cstack
 Tracked objects:
		On entry : 
		On exit  : 
		Unchanged: 
 Data sizes:     COMRAM   BANK5   BANK6   BANK7   BANK8   BANK9  BANK10  BANK11  BANK12  BANK13  BANK14  BANK15  BANK16  BANK17  BANK18  BANK19  BANK20  BANK21
      Params:         0       0       0       0       0       0       0       0       0       0       0       0       0       0       0       0       0       0
      Locals:         0       0       0       0       0       0       0       0       0       0       0       0       0       0       0       0       0       0
      Temps:          0       3       0       0       0       0       0       0       0       0       0       0       0       0       0       0       0       0
      Totals:         0       3       0       0       0       0       0       0       0       0       0       0       0       0       0       0       0       0
Total ram usage:        3 bytes
 Hardware stack levels used:    1
 Hardware stack levels required when called:   12
 This function calls:
		_ADCC_GetConversionResult
		___atdiv
		___tmul
		_printf
 This function is called by:
		_main
 This function uses a non-reentrant model


[...]
		 -> NULL(0), 
 Auto vars:     Size  Location     Type
		None
 Return value:  Size  Location     Type
                  2    2[COMRAM] int 
 Registers used:
		wreg, fsr1l, fsr1h, fsr2l, fsr2h, status,2, status,0, cstack
 Tracked objects:
		On entry : 
		On exit  : 
		Unchanged: 
 Data sizes:     COMRAM   BANK5   BANK6   BANK7   BANK8   BANK9  BANK10  BANK11  BANK12  BANK13  BANK14  BANK15  BANK16  BANK17  BANK18  BANK19  BANK20  BANK21
      Params:         4       0       0       0       0       0       0       0       0       0       0       0       0       0       0       0       0       0
      Locals:         0       0       0       0       0       0       0       0       0       0       0       0       0       0       0       0       0       0
      Temps:          5       0       0       0       0       0       0       0       0       0       0       0       0       0       0       0       0       0
      Totals:         9       0       0       0       0       0       0       0       0       0       0       0       0       0       0       0       0       0
Total ram usage:        9 bytes
 Hardware stack levels used:    1
 Hardware stack levels required when called:    5
 This function calls:
		_putch
 This function is called by:
		_pad
		_vfpfcnvrt
		_fputs
 This function uses a non-reentrant model


 *************** function _putch *****************
 Defined at:
		line 184 in file "mcc_generated_files/uart1.c"
 Parameters:    Size  Location     Type
  txData          1    wreg     unsigned char 
 Auto vars:     Size  Location     Type
  txData          1    1[COMRAM] unsigned char 
 Return value:  Size  Location     Type
                  1    wreg      void 
 Registers used:
		wreg, status,2, cstack
 Tracked objects:
		On entry : 
		On exit  : 
		Unchanged: 
 Data sizes:     COMRAM   BANK5   BANK6   BANK7   BANK8   BANK9  BANK10  BANK11  BANK12  BANK13  BANK14  BANK15  BANK16  BANK17  BANK18  BANK19  BANK20  BANK21
      Params:         0       0       0       0       0       0       0       0       0       0       0       0       0       0       0       0       0       0
      Locals:         1       0       0       0       0       0       0       0       0       0       0       0       0       0       0       0       0       0
      Temps:          0       0       0       0       0       0       0       0       0       0       0       0       0       0       0       0       0       0
      Totals:         1       0       0       0       0       0       0       0       0       0       0       0       0       0       0       0       0       0
Total ram usage:        1 bytes
 Hardware stack levels used:    1
 Hardware stack levels required when called:    4
 This function calls:
		_UART1_Write
 This function is called by:
		_fputc
 This function uses a non-reentrant model


 *************** function _UART1_Write *****************
 Defined at:
		line 170 in file "mcc_generated_files/uart1.c"
 Parameters:    Size  Location     Type
  txData          1    wreg     unsigned char 
 Auto vars:     Size  Location     Type
  txData          1    0[COMRAM] unsigned char 
 Return value:  Size  Location     Type
                  1    wreg      void 
 Registers used:
		wreg
 Tracked objects:
		On entry : 
		On exit  : 
		Unchanged: 
 Data sizes:     COMRAM   BANK5   BANK6   BANK7   BANK8   BANK9  BANK10  BANK11  BANK12  BANK13  BANK14  BANK15  BANK16  BANK17  BANK18  BANK19  BANK20  BANK21
      Params:         0       0       0       0       0       0       0       0       0       0       0       0       0       0       0       0       0       0
      Locals:         1       0       0       0       0       0       0       0       0       0       0       0       0       0       0       0       0       0
      Temps:          0       0       0       0       0       0       0       0       0       0       0       0       0       0       0       0       0       0
      Totals:         1       0       0       0       0       0       0       0       0       0       0       0       0       0       0       0       0       0
Total ram usage:        1 bytes
 Hardware stack levels used:    1
 Hardware stack levels required when called:    3
 This function calls:
		Nothing
 This function is called by:
		_putch
 This function uses a non-reentrant model


 *************** function _abs *****************
 Defined at:
		line 1 in file "C:\Program Files\Microchip\xc8\v2.20\pic\sources\c99\common\abs.c"
 Parameters:    Size  Location     Type
  a               2   18[COMRAM] int 
 Auto vars:     Size  Location     Type
		None
 Return value:  Size  Location     Type
                  2   18[COMRAM] int 
 Registers used:
		wreg, status,2, status,0
 Tracked objects:
		On entry : 
		On exit  : 
		Unchanged: 
 Data sizes:     COMRAM   BANK5   BANK6   BANK7   BANK8   BANK9  BANK10  BANK11  BANK12  BANK13  BANK14  BANK15  BANK16  BANK17  BANK18  BANK19  BANK20  BANK21
      Params:         2       0       0       0       0       0       0       0       0       0       0       0       0       0       0       0       0       0
      Locals:         0       0       0       0       0       0       0       0       0       0       0       0       0       0       0       0       0       0
      Temps:          2       0       0       0       0       0       0       0       0       0       0       0       0       0       0       0       0       0
      Totals:         4       0       0       0       0       0       0       0       0       0       0       0       0       0       0       0       0       0
Total ram usage:        4 bytes
 Hardware stack levels used:    1
 Hardware stack levels required when called:    3
 This function calls:
		Nothing
 This function is called by:
		_dtoa
 This function uses a non-reentrant model


 *************** function ___aomod *****************
 Defined at:
		line 9 in file "C:\Program Files\Microchip\xc8\v2.20\pic\sources\c99\common\aomod.c"
 Parameters:    Size  Location     Type
  dividend        8    0[COMRAM] long long 
  divisor         8    8[COMRAM] long long 
 Auto vars:     Size  Location     Type
  sign            1   17[COMRAM] unsigned char 
  counter         1   16[COMRAM] unsigned char 
 Return value:  Size  Location     Type
                  8    0[COMRAM] long long 
 Registers used:
		wreg, status,2, status,0
 Tracked objects:
		On entry : 
		On exit  : 
		Unchanged: 
 Data sizes:     COMRAM   BANK5   BANK6   BANK7   BANK8   BANK9  BANK10  BANK11  BANK12  BANK13  BANK14  BANK15  BANK16  BANK17  BANK18  BANK19  BANK20  BANK21
      Params:        16       0       0       0       0       0       0       0       0       0       0       0       0       0       0       0       0       0
      Locals:         2       0       0       0       0       0       0       0       0       0       0       0       0       0       0       0       0       0
      Temps:          0       0       0       0       0       0       0       0       0       0       0       0       0       0       0       0       0       0
      Totals:        18       0       0       0       0       0       0       0       0       0       0       0       0       0       0       0       0       0
Total ram usage:       18 bytes
 Hardware stack levels used:    1
 Hardware stack levels required when called:    3
 This function calls:
		Nothing
 This function is called by:
		_dtoa
 This function uses a non-reentrant model


 *************** function ___aodiv *****************
 Defined at:
		line 9 in file "C:\Program Files\Microchip\xc8\v2.20\pic\sources\c99\common\aodiv.c"
 Parameters:    Size  Location     Type
  dividend        8    0[COMRAM] long long 
  divisor         8    8[COMRAM] long long 
 Auto vars:     Size  Location     Type
  quotient        8   18[COMRAM] long long 
  sign            1   17[COMRAM] unsigned char 
  counter         1   16[COMRAM] unsigned char 
 Return value:  Size  Location     Type
                  8    0[COMRAM] long long 
 Registers used:
		wreg, fsr2l, fsr2h, status,2, status,0
 Tracked objects:
		On entry : 
		On exit  : 
		Unchanged: 
 Data sizes:     COMRAM   BANK5   BANK6   BANK7   BANK8   BANK9  BANK10  BANK11  BANK12  BANK13  BANK14  BANK15  BANK16  BANK17  BANK18  BANK19  BANK20  BANK21
      Params:        16       0       0       0       0       0       0       0       0       0       0       0       0       0       0       0       0       0
      Locals:        10       0       0       0       0       0       0       0       0       0       0       0       0       0       0       0       0       0
      Temps:          0       0       0       0       0       0       0       0       0       0       0       0       0       0       0       0       0       0
      Totals:        26       0       0       0       0       0       0       0       0       0       0       0       0       0       0       0       0       0
Total ram usage:       26 bytes
 Hardware stack levels used:    1
 Hardware stack levels required when called:    3
 This function calls:
		Nothing
 This function is called by:
		_dtoa
 This function uses a non-reentrant model


 *************** function _INTERRUPT_InterruptManager *****************
 Defined at:
		line 58 in file "mcc_generated_files/interrupt_manager.c"
 Parameters:    Size  Location     Type
		None
 Auto vars:     Size  Location     Type
		None
 Return value:  Size  Location     Type
                  1    wreg      void 
 Registers used:
		wreg, status,2, status,0, pclath, tosl, cstack
 Tracked objects:
		On entry : 
		On exit  : 
		Unchanged: 
 Data sizes:     COMRAM   BANK5   BANK6   BANK7   BANK8   BANK9  BANK10  BANK11  BANK12  BANK13  BANK14  BANK15  BANK16  BANK17  BANK18  BANK19  BANK20  BANK21
      Params:         0       0       0       0       0       0       0       0       0       0       0       0       0       0       0       0       0       0
      Locals:         0       0       0       0       0       0       0       0       0       0       0       0       0       0       0       0       0       0
      Temps:          0       0       0       0       0       0       0       0       0       0       0       0       0       0       0       0       0       0
      Totals:         0       0       0       0       0       0       0       0       0       0       0       0       0       0       0       0       0       0
Total ram usage:        0 bytes
 Hardware stack levels used:    1
 Hardware stack levels required when called:    2
 This function calls:
		_ADCC_ISR
		_CLC1_ISR
 This function is called by:
		Interrupt level 2
 This function uses a non-reentrant model


 *************** function _CLC1_ISR *****************
 Defined at:
		line 93 in file "mcc_generated_files/clc1.c"
 Parameters:    Size  Location     Type
		None
 Auto vars:     Size  Location     Type
		None
 Return value:  Size  Location     Type
                  1    wreg      void 
 Registers used:
		wreg, status,2
 Tracked objects:
		On entry : 
		On exit  : 
		Unchanged: 
 Data sizes:     COMRAM   BANK5   BANK6   BANK7   BANK8   BANK9  BANK10  BANK11  BANK12  BANK13  BANK14  BANK15  BANK16  BANK17  BANK18  BANK19  BANK20  BANK21
      Params:         0       0       0       0       0       0       0       0       0       0       0       0       0       0       0       0       0       0
      Locals:         0       0       0       0       0       0       0       0       0       0       0       0       0       0       0       0       0       0
      Temps:          0       0       0       0       0       0       0       0       0       0       0       0       0       0       0       0       0       0
      Totals:         0       0       0       0       0       0       0       0       0       0       0       0       0       0       0       0       0       0
Total ram usage:        0 bytes
 Hardware stack levels used:    1
 This function calls:
		Nothing
 This function is called by:
		_INTERRUPT_InterruptManager
 This function uses a non-reentrant model


 *************** function _ADCC_ISR *****************
 Defined at:
		line 306 in file "mcc_generated_files/adcc.c"
 Parameters:    Size  Location     Type
		None
 Auto vars:     Size  Location     Type
		None
 Return value:  Size  Location     Type
                  1    wreg      void 
 Registers used:
		wreg, status,2, status,0, pclath, tosl, cstack
 Tracked objects:
		On entry : 
		On exit  : 
		Unchanged: 
 Data sizes:     COMRAM   BANK5   BANK6   BANK7   BANK8   BANK9  BANK10  BANK11  BANK12  BANK13  BANK14  BANK15  BANK16  BANK17  BANK18  BANK19  BANK20  BANK21
      Params:         0       0       0       0       0       0       0       0       0       0       0       0       0       0       0       0       0       0
      Locals:         0       0       0       0       0       0       0       0       0       0       0       0       0       0       0       0       0       0
      Temps:          0       0       0       0       0       0       0       0       0       0       0       0       0       0       0       0       0       0
      Totals:         0       0       0       0       0       0       0       0       0       0       0       0       0       0       0       0       0       0
Total ram usage:        0 bytes
 Hardware stack levels used:    1
 Hardware stack levels required when called:    1
 This function calls:
		Absolute function
		_ADCC_DefaultInterruptHandler
 This function is called by:
		_INTERRUPT_InterruptManager
 This function uses a non-reentrant model


 *************** function _ADCC_DefaultInterruptHandler *****************
 Defined at:
		line 319 in file "mcc_generated_files/adcc.c"
 Parameters:    Size  Location     Type
		None
 Auto vars:     Size  Location     Type
		None
 Return value:  Size  Location     Type
                  1    wreg      void 
 Registers used:
		wreg, status,2
 Tracked objects:
		On entry : 
		On exit  : 
		Unchanged: 
 Data sizes:     COMRAM   BANK5   BANK6   BANK7   BANK8   BANK9  BANK10  BANK11  BANK12  BANK13  BANK14  BANK15  BANK16  BANK17  BANK18  BANK19  BANK20  BANK21
      Params:         0       0       0       0       0       0       0       0       0       0       0       0       0       0       0       0       0       0
      Locals:         0       0       0       0       0       0       0       0       0       0       0       0       0       0       0       0       0       0
      Temps:          0       0       0       0       0       0       0       0       0       0       0       0       0       0       0       0       0       0
      Totals:         0       0       0       0       0       0       0       0       0       0       0       0       0       0       0       0       0       0
Total ram usage:        0 bytes
 Hardware stack levels used:    1
 This function calls:
		Nothing
 This function is called by:
		_ADCC_Initialize
		_ADCC_ISR
 This function uses a non-reentrant model



MODULE INFORMATION

Module		Function		Class		Link	Load	Size
C:\Program Files\Microchip\xc8\v2.20\pic\sources\c99\common\nf_fputc.c
		_fputc         		CODE           	20FA	0000	151

C:\Program Files\Microchip\xc8\v2.20\pic\sources\c99\common\nf_fputc.c estimated size: 151

C:\Program Files\Microchip\xc8\v2.20\pic\sources\c99\common\atdiv.c
		___atdiv       		CODE           	1E8C	0000	233

C:\Program Files\Microchip\xc8\v2.20\pic\sources\c99\common\atdiv.c estimated size: 233

mcc_generated_files/fvr.c
		_FVR_Initialize		CODE           	2810	0000	9

mcc_generated_files/fvr.c estimated size: 9

C:\Program Files\Microchip\xc8\v2.20\pic\sources\c99\common\doprnt.c
		_vfpfcnvrt     		CODE           	19AA	0000	503
		_pad           		CODE           	1F74	0000	199
		_dtoa          		CODE           	16C6	0000	741
		_vfprintf      		CODE           	23C6	0000	105

C:\Program Files\Microchip\xc8\v2.20\pic\sources\c99\common\doprnt.c estimated size: 1548

mcc_generated_files/tmr2.c
		_TMR2_Initialize		CODE           	2732	0000	31

mcc_generated_files/tmr2.c estimated size: 31

mcc_generated_files/interrupt_manager.c
		_INTERRUPT_Initialize		CODE           	2820	0000	5
		_INTERRUPT_InterruptManager		CODE           	2486	0000	71

mcc_generated_files/interrupt_manager.c estimated size: 76

mcc_generated_files/pin_manager.c
		_PIN_MANAGER_Initialize		CODE           	220C	0000	119

mcc_generated_files/pin_manager.c estimated size: 119

C:\Program Files\Microchip\xc8\v2.20\pic\sources\c99\common\aomod.c
		___aomod       		CODE           	1D28	0000	357

C:\Program Files\Microchip\xc8\v2.20\pic\sources\c99\common\aomod.c estimated size: 357

mcc_generated_files/uart1.c
		_UART1_Write   		CODE           	2788	0000	25
		_putch         		CODE           	27FC	0000	11
		_UART1_SetFramingErrorHandler		CODE           	27C0	0000	11
		_UART1_SetOverrunErrorHandler		CODE           	27B6	0000	11
		_UART1_Initialize		CODE           	235C	0000	107
		_UART1_SetErrorHandler		CODE           	27CA	0000	11

mcc_generated_files/uart1.c estimated size: 176

mcc_generated_files/pwm1_16bit.c
		_PWM1_16BIT_Period_SetInterruptHandler		CODE           	27E8	0000	11
		_PWM1_16BIT_Slice1Output1_SetInterruptHandler		CODE           	27DE	0000	11
		_PWM1_16BIT_Slice1Output2_SetInterruptHandler		CODE           	27D4	0000	11
		_PWM1_16BIT_Initialize		CODE           	2282	0000	111

mcc_generated_files/pwm1_16bit.c estimated size: 144

C:\Program Files\Microchip\xc8\v2.20\pic\sources\c99\common\nf_fputs.c
		_fputs         		CODE           	24CC	0000	69

C:\Program Files\Microchip\xc8\v2.20\pic\sources\c99\common\nf_fputs.c estimated size: 69

shared
		__initialization		CODE           	2712	0000	27

shared estimated size: 27

mcc_generated_files/mcc.c
		_PMD_Initialize		CODE           	2750	0000	29
		_OSCILLATOR_Initialize		CODE           	276C	0000	29
		_SYSTEM_Initialize		CODE           	2696	0000	47

mcc_generated_files/mcc.c estimated size: 105

C:\Program Files\Microchip\xc8\v2.20\pic\sources\c99\common\printf.c
		_printf        		CODE           	26C4	0000	41

C:\Program Files\Microchip\xc8\v2.20\pic\sources\c99\common\printf.c estimated size: 41

C:\Program Files\Microchip\xc8\v2.20\pic\sources\c99\common\aodiv.c
		___aodiv       		CODE           	1BA0	0000	393

C:\Program Files\Microchip\xc8\v2.20\pic\sources\c99\common\aodiv.c estimated size: 393

mcc_generated_files/tmr1.c
		_TMR1_Initialize		CODE           	258A	0000	59

mcc_generated_files/tmr1.c estimated size: 59

C:\Program Files\Microchip\xc8\v2.20\pic\sources\c99\common\abs.c
		_abs           		CODE           	2510	0000	65

C:\Program Files\Microchip\xc8\v2.20\pic\sources\c99\common\abs.c estimated size: 65

C:\Program Files\Microchip\xc8\v2.20\pic\sources\c99\common\strlen.c
		_strlen        		CODE           	25C4	0000	59

C:\Program Files\Microchip\xc8\v2.20\pic\sources\c99\common\strlen.c estimated size: 59

mcc_generated_files/memory.c
		_FLASH_ReadWord		CODE           	2636	0000	49

mcc_generated_files/memory.c estimated size: 49

mcc_generated_files/adcc.c
		_ADCC_DefaultInterruptHandler		CODE           	2818	0000	9
		_ADCC_GetConversionResult		CODE           	27A0	0000	23
		_ADCC_SetADIInterruptHandler		CODE           	27F2	0000	11
		_ADCC_ISR      		CODE           	2666	0000	49
		_ADCC_Initialize		CODE           	22F0	0000	109

mcc_generated_files/adcc.c estimated size: 201

application.c
		_IntroSplashMessage		CODE           	26EC	0000	39
		_TempIndicator_Init		CODE           	2550	0000	59
		_TempIndicator_Calc		CODE           	203A	0000	193

application.c estimated size: 291

main.c
		_main          		CODE           	2190	0000	125

main.c estimated size: 125

C:\Program Files\Microchip\xc8\v2.20\pic\sources\c99\common\Umul24.c
		___tmul        		CODE           	242E	0000	89

C:\Program Files\Microchip\xc8\v2.20\pic\sources\c99\common\Umul24.c estimated size: 89

mcc_generated_files/clc1.c
		_CLC1_ISR      		CODE           	2806	0000	11
		_CLC1_Initialize		CODE           	25FE	0000	57

mcc_generated_files/clc1.c estimated size: 68

